Component: ARM Compiler 6.13.1 Tool: armlink [5d895400]

==============================================================================

Section Cross References

    startup_stm32f103xb.o(STACK) refers (Special) to heapauxi.o(.text) for __use_two_region_memory
    startup_stm32f103xb.o(HEAP) refers (Special) to heapauxi.o(.text) for __use_two_region_memory
    startup_stm32f103xb.o(RESET) refers (Special) to heapauxi.o(.text) for __use_two_region_memory
    startup_stm32f103xb.o(RESET) refers to startup_stm32f103xb.o(STACK) for __initial_sp
    startup_stm32f103xb.o(RESET) refers to startup_stm32f103xb.o(.text) for Reset_Handler
    startup_stm32f103xb.o(RESET) refers to stm32f1xx_it.o(.text.NMI_Handler) for NMI_Handler
    startup_stm32f103xb.o(RESET) refers to stm32f1xx_it.o(.text.HardFault_Handler) for HardFault_Handler
    startup_stm32f103xb.o(RESET) refers to stm32f1xx_it.o(.text.MemManage_Handler) for MemManage_Handler
    startup_stm32f103xb.o(RESET) refers to stm32f1xx_it.o(.text.BusFault_Handler) for BusFault_Handler
    startup_stm32f103xb.o(RESET) refers to stm32f1xx_it.o(.text.UsageFault_Handler) for UsageFault_Handler
    startup_stm32f103xb.o(RESET) refers to stm32f1xx_it.o(.text.SVC_Handler) for SVC_Handler
    startup_stm32f103xb.o(RESET) refers to stm32f1xx_it.o(.text.DebugMon_Handler) for DebugMon_Handler
    startup_stm32f103xb.o(RESET) refers to stm32f1xx_it.o(.text.PendSV_Handler) for PendSV_Handler
    startup_stm32f103xb.o(RESET) refers to stm32f1xx_it.o(.text.SysTick_Handler) for SysTick_Handler
    startup_stm32f103xb.o(RESET) refers to stm32f1xx_it.o(.text.EXTI0_IRQHandler) for EXTI0_IRQHandler
    startup_stm32f103xb.o(RESET) refers to stm32f1xx_it.o(.text.RTC_Alarm_IRQHandler) for RTC_Alarm_IRQHandler
    startup_stm32f103xb.o(.text) refers (Special) to heapauxi.o(.text) for __use_two_region_memory
    startup_stm32f103xb.o(.text) refers to system_stm32f1xx.o(.text.SystemInit) for SystemInit
    startup_stm32f103xb.o(.text) refers to __main.o(!!!main) for __main
    startup_stm32f103xb.o(.text) refers to startup_stm32f103xb.o(HEAP) for Heap_Mem
    startup_stm32f103xb.o(.text) refers to startup_stm32f103xb.o(STACK) for Stack_Mem
    main.o(.text.main) refers to stm32f1xx_hal.o(.text.HAL_Init) for HAL_Init
    main.o(.text.main) refers to main.o(.text.SystemClock_Config) for SystemClock_Config
    main.o(.text.main) refers to gpio.o(.text.MX_GPIO_Init) for MX_GPIO_Init
    main.o(.text.main) refers to spi.o(.text.MX_SPI1_Init) for MX_SPI1_Init
    main.o(.text.main) refers to rtc.o(.text.MX_RTC_Init) for MX_RTC_Init
    main.o(.text.main) refers to i2c.o(.text.MX_I2C1_Init) for MX_I2C1_Init
    main.o(.text.main) refers to my_lora.o(.text.my_lora_init_default) for my_lora_init_default
    main.o(.text.main) refers to lora.o(.text.LoRa_init) for LoRa_init
    main.o(.text.main) refers to stm32f1xx_hal_gpio.o(.text.HAL_GPIO_TogglePin) for HAL_GPIO_TogglePin
    main.o(.text.main) refers to stm32f1xx_hal.o(.text.HAL_Delay) for HAL_Delay
    main.o(.text.main) refers to stm32f1xx_hal_gpio.o(.text.HAL_GPIO_WritePin) for HAL_GPIO_WritePin
    main.o(.text.main) refers to lora.o(.text.LoRa_gotoMode) for LoRa_gotoMode
    main.o(.text.main) refers to my_lora.o(.text.TDMA_Join_network) for TDMA_Join_network
    main.o(.text.main) refers to rand.o(.emb_text) for rand
    main.o(.text.main) refers to my_lora.o(.text.calculate_sleep_seconds) for calculate_sleep_seconds
    main.o(.text.main) refers to my_power.o(.text.my_power_enter_stop_mode) for my_power_enter_stop_mode
    main.o(.text.main) refers to stm32f1xx_hal.o(.text.HAL_GetTick) for HAL_GetTick
    main.o(.text.main) refers to my_sensor.o(.text.read_sensors) for read_sensors
    main.o(.text.main) refers to my_sensor.o(.text.check_thresholds) for check_thresholds
    main.o(.text.main) refers to my_lora.o(.text.TDMA_Send_Emergency) for TDMA_Send_Emergency
    main.o(.text.main) refers to my_lora.o(.text.my_lora_transmit_wait_data) for my_lora_transmit_wait_data
    main.o(.text.main) refers to my_lora.o(.bss..L_MergedGlobals) for myLoRa
    main.o(.text.main) refers to main.o(.bss..L_MergedGlobals) for [Anonymous Symbol]
    main.o(.ARM.exidx.text.main) refers to main.o(.text.main) for [Anonymous Symbol]
    main.o(.text.SystemClock_Config) refers to rt_memclr_w.o(.text) for __aeabi_memclr4
    main.o(.text.SystemClock_Config) refers to stm32f1xx_hal_rcc.o(.text.HAL_RCC_OscConfig) for HAL_RCC_OscConfig
    main.o(.text.SystemClock_Config) refers to stm32f1xx_hal_rcc.o(.text.HAL_RCC_ClockConfig) for HAL_RCC_ClockConfig
    main.o(.text.SystemClock_Config) refers to stm32f1xx_hal_rcc_ex.o(.text.HAL_RCCEx_PeriphCLKConfig) for HAL_RCCEx_PeriphCLKConfig
    main.o(.ARM.exidx.text.SystemClock_Config) refers to main.o(.text.SystemClock_Config) for [Anonymous Symbol]
    main.o(.ARM.exidx.text.Error_Handler) refers to main.o(.text.Error_Handler) for [Anonymous Symbol]
[...]
    __arm_cp.4_0                             0x08000504   Number         4  my_sensor.o(.text.AHT20_Read)
    __arm_cp.4_1                             0x08000508   Number         4  my_sensor.o(.text.AHT20_Read)
    __arm_cp.4_2                             0x0800050c   Number         4  my_sensor.o(.text.AHT20_Read)
    __arm_cp.4_3                             0x08000510   Number         4  my_sensor.o(.text.AHT20_Read)
    __arm_cp.4_4                             0x08000514   Number         4  my_sensor.o(.text.AHT20_Read)
    __arm_cp.4_5                             0x08000518   Number         4  my_sensor.o(.text.AHT20_Read)
    [Anonymous Symbol]                       0x0800051c   Section        0  stm32f1xx_it.o(.text.BusFault_Handler)
    [Anonymous Symbol]                       0x0800051e   Section        0  stm32f1xx_it.o(.text.DebugMon_Handler)
    [Anonymous Symbol]                       0x08000520   Section        0  stm32f1xx_it.o(.text.EXTI0_IRQHandler)
    [Anonymous Symbol]                       0x08000526   Section        0  main.o(.text.Error_Handler)
    [Anonymous Symbol]                       0x08000530   Section        0  stm32f1xx_hal.o(.text.HAL_Delay)
    __arm_cp.10_0                            0x08000550   Number         4  stm32f1xx_hal.o(.text.HAL_Delay)
    [Anonymous Symbol]                       0x08000554   Section        0  main.o(.text.HAL_GPIO_EXTI_Callback)
    __arm_cp.3_0                             0x08000560   Number         4  main.o(.text.HAL_GPIO_EXTI_Callback)
    [Anonymous Symbol]                       0x08000564   Section        0  stm32f1xx_hal_gpio.o(.text.HAL_GPIO_EXTI_IRQHandler)
    __arm_cp.6_0                             0x08000574   Number         4  stm32f1xx_hal_gpio.o(.text.HAL_GPIO_EXTI_IRQHandler)
    [Anonymous Symbol]                       0x08000578   Section        0  stm32f1xx_hal_gpio.o(.text.HAL_GPIO_Init)
    __arm_cp.0_0                             0x080006e4   Number         4  stm32f1xx_hal_gpio.o(.text.HAL_GPIO_Init)
    __arm_cp.0_1                             0x080006e8   Number         4  stm32f1xx_hal_gpio.o(.text.HAL_GPIO_Init)
    __arm_cp.0_2                             0x080006ec   Number         4  stm32f1xx_hal_gpio.o(.text.HAL_GPIO_Init)
    __arm_cp.0_3                             0x080006f0   Number         4  stm32f1xx_hal_gpio.o(.text.HAL_GPIO_Init)
    __arm_cp.0_4                             0x080006f4   Number         4  stm32f1xx_hal_gpio.o(.text.HAL_GPIO_Init)
    __arm_cp.0_5                             0x080006f8   Number         4  stm32f1xx_hal_gpio.o(.text.HAL_GPIO_Init)
    __arm_cp.0_6                             0x080006fc   Number         4  stm32f1xx_hal_gpio.o(.text.HAL_GPIO_Init)
    __arm_cp.0_7                             0x08000700   Number         4  stm32f1xx_hal_gpio.o(.text.HAL_GPIO_Init)
    __arm_cp.0_8                             0x08000704   Number         4  stm32f1xx_hal_gpio.o(.text.HAL_GPIO_Init)
    __arm_cp.0_9                             0x08000708   Number         4  stm32f1xx_hal_gpio.o(.text.HAL_GPIO_Init)
    __arm_cp.0_10                            0x0800070c   Number         4  stm32f1xx_hal_gpio.o(.text.HAL_GPIO_Init)
    __arm_cp.0_11                            0x08000710   Number         4  stm32f1xx_hal_gpio.o(.text.HAL_GPIO_Init)
    __arm_cp.0_12                            0x08000714   Number         4  stm32f1xx_hal_gpio.o(.text.HAL_GPIO_Init)
    [Anonymous Symbol]                       0x08000718   Section        0  stm32f1xx_hal_gpio.o(.text.HAL_GPIO_TogglePin)
    [Anonymous Symbol]                       0x08000728   Section        0  stm32f1xx_hal_gpio.o(.text.HAL_GPIO_WritePin)
    [Anonymous Symbol]                       0x08000734   Section        0  stm32f1xx_hal.o(.text.HAL_GetTick)
    __arm_cp.6_0                             0x0800073c   Number         4  stm32f1xx_hal.o(.text.HAL_GetTick)
    [Anonymous Symbol]                       0x08000740   Section        0  stm32f1xx_hal_i2c.o(.text.HAL_I2C_Init)
    __arm_cp.0_0                             0x080008a4   Number         4  stm32f1xx_hal_i2c.o(.text.HAL_I2C_Init)
    __arm_cp.0_1                             0x080008a8   Number         4  stm32f1xx_hal_i2c.o(.text.HAL_I2C_Init)
    __arm_cp.0_2                             0x080008ac   Number         4  stm32f1xx_hal_i2c.o(.text.HAL_I2C_Init)
    __arm_cp.0_3                             0x080008b0   Number         4  stm32f1xx_hal_i2c.o(.text.HAL_I2C_Init)
    __arm_cp.0_4                             0x080008b4   Number         4  stm32f1xx_hal_i2c.o(.text.HAL_I2C_Init)
    [Anonymous Symbol]                       0x080008b8   Section        0  stm32f1xx_hal_i2c.o(.text.HAL_I2C_Master_Receive)
    __arm_cp.8_0                             0x08000c28   Number         4  stm32f1xx_hal_i2c.o(.text.HAL_I2C_Master_Receive)
    [Anonymous Symbol]                       0x08000c2c   Section        0  stm32f1xx_hal_i2c.o(.text.HAL_I2C_Master_Transmit)
    __arm_cp.4_0                             0x08000dc8   Number         4  stm32f1xx_hal_i2c.o(.text.HAL_I2C_Master_Transmit)
    [Anonymous Symbol]                       0x08000dcc   Section        0  stm32f1xx_hal_i2c.o(.text.HAL_I2C_Mem_Read)
    __arm_cp.24_0                            0x0800106c   Number         4  stm32f1xx_hal_i2c.o(.text.HAL_I2C_Mem_Read)
    __arm_cp.24_1                            0x08001070   Number         4  stm32f1xx_hal_i2c.o(.text.HAL_I2C_Mem_Read)
    __arm_cp.24_2                            0x08001074   Number         4  stm32f1xx_hal_i2c.o(.text.HAL_I2C_Mem_Read)
    [Anonymous Symbol]                       0x08001078   Section        0  i2c.o(.text.HAL_I2C_MspInit)
    __arm_cp.1_0                             0x080010d0   Number         4  i2c.o(.text.HAL_I2C_MspInit)
    [Anonymous Symbol]                       0x080010d4   Section        0  stm32f1xx_hal.o(.text.HAL_IncTick)
    __arm_cp.5_1                             0x080010e4   Number         4  stm32f1xx_hal.o(.text.HAL_IncTick)
    [Anonymous Symbol]                       0x080010e8   Section        0  stm32f1xx_hal.o(.text.HAL_Init)
    __arm_cp.0_0                             0x08001108   Number         4  stm32f1xx_hal.o(.text.HAL_Init)
    [Anonymous Symbol]                       0x0800110c   Section        0  stm32f1xx_hal.o(.text.HAL_InitTick)
    __arm_cp.1_0                             0x08001144   Number         4  stm32f1xx_hal.o(.text.HAL_InitTick)
    [Anonymous Symbol]                       0x08001148   Section        0  stm32f1xx_hal_msp.o(.text.HAL_MspInit)
    __arm_cp.0_0                             0x08001180   Number         4  stm32f1xx_hal_msp.o(.text.HAL_MspInit)
    __arm_cp.0_1                             0x08001184   Number         4  stm32f1xx_hal_msp.o(.text.HAL_MspInit)
    [Anonymous Symbol]                       0x08001188   Section        0  stm32f1xx_hal_cortex.o(.text.HAL_NVIC_EnableIRQ)
    __arm_cp.3_0                             0x080011a0   Number         4  stm32f1xx_hal_cortex.o(.text.HAL_NVIC_EnableIRQ)
    [Anonymous Symbol]                       0x080011a4   Section        0  stm32f1xx_hal_cortex.o(.text.HAL_NVIC_SetPriority)
    [Anonymous Symbol]                       0x080011dc   Section        0  stm32f1xx_hal_cortex.o(.text.HAL_NVIC_SetPriorityGrouping)
    __arm_cp.0_0                             0x080011f4   Number         4  stm32f1xx_hal_cortex.o(.text.HAL_NVIC_SetPriorityGrouping)
    __arm_cp.0_1                             0x080011f8   Number         4  stm32f1xx_hal_cortex.o(.text.HAL_NVIC_SetPriorityGrouping)
    [Anonymous Symbol]                       0x080011fc   Section        0  stm32f1xx_hal_pwr.o(.text.HAL_PWR_EnableBkUpAccess)
    __arm_cp.1_0                             0x08001204   Number         4  stm32f1xx_hal_pwr.o(.text.HAL_PWR_EnableBkUpAccess)
    [Anonymous Symbol]                       0x08001208   Section        0  stm32f1xx_hal_rcc_ex.o(.text.HAL_RCCEx_GetPeriphCLKFreq)
    __arm_cp.2_0                             0x080012ac   Number         4  stm32f1xx_hal_rcc_ex.o(.text.HAL_RCCEx_GetPeriphCLKFreq)
    HAL_RCCEx_GetPeriphCLKFreq.aPLLMULFactorTable 0x080012b0   Number         0  stm32f1xx_hal_rcc_ex.o(.text.HAL_RCCEx_GetPeriphCLKFreq)
    HAL_RCCEx_GetPeriphCLKFreq.aPredivFactorTable 0x080012c0   Number         0  stm32f1xx_hal_rcc_ex.o(.text.HAL_RCCEx_GetPeriphCLKFreq)
    [Anonymous Symbol]                       0x080012c4   Section        0  stm32f1xx_hal_rcc_ex.o(.text.HAL_RCCEx_PeriphCLKConfig)
    __arm_cp.0_1                             0x080013ac   Number         4  stm32f1xx_hal_rcc_ex.o(.text.HAL_RCCEx_PeriphCLKConfig)
    __arm_cp.0_2                             0x080013b0   Number         4  stm32f1xx_hal_rcc_ex.o(.text.HAL_RCCEx_PeriphCLKConfig)
    [Anonymous Symbol]                       0x080013b4   Section        0  stm32f1xx_hal_rcc.o(.text.HAL_RCC_ClockConfig)
    __arm_cp.2_0                             0x080014e4   Number         4  stm32f1xx_hal_rcc.o(.text.HAL_RCC_ClockConfig)
    __arm_cp.2_2                             0x080014e8   Number         4  stm32f1xx_hal_rcc.o(.text.HAL_RCC_ClockConfig)
    __arm_cp.2_3                             0x080014ec   Number         4  stm32f1xx_hal_rcc.o(.text.HAL_RCC_ClockConfig)
    __arm_cp.2_4                             0x080014f0   Number         4  stm32f1xx_hal_rcc.o(.text.HAL_RCC_ClockConfig)
    [Anonymous Symbol]                       0x080014f4   Section        0  stm32f1xx_hal_rcc.o(.text.HAL_RCC_GetPCLK1Freq)
    [Anonymous Symbol]                       0x08001508   Section        0  stm32f1xx_hal_rcc.o(.text.HAL_RCC_GetPCLK2Freq)
    __arm_cp.9_2                             0x0800151c   Number         4  stm32f1xx_hal_rcc.o(.text.HAL_RCC_GetPCLK2Freq)
    [Anonymous Symbol]                       0x08001520   Section        0  stm32f1xx_hal_rcc.o(.text.HAL_RCC_GetSysClockFreq)
    __arm_cp.3_0                             0x08001554   Number         4  stm32f1xx_hal_rcc.o(.text.HAL_RCC_GetSysClockFreq)
    __arm_cp.3_1                             0x08001558   Number         4  stm32f1xx_hal_rcc.o(.text.HAL_RCC_GetSysClockFreq)
    HAL_RCC_GetSysClockFreq.aPLLMULFactorTable 0x0800155c   Number         0  stm32f1xx_hal_rcc.o(.text.HAL_RCC_GetSysClockFreq)
    HAL_RCC_GetSysClockFreq.aPredivFactorTable 0x0800156c   Number         0  stm32f1xx_hal_rcc.o(.text.HAL_RCC_GetSysClockFreq)
    __arm_cp.3_4                             0x08001570   Number         4  stm32f1xx_hal_rcc.o(.text.HAL_RCC_GetSysClockFreq)
    [Anonymous Symbol]                       0x08001574   Section        0  stm32f1xx_hal_rcc.o(.text.HAL_RCC_OscConfig)
    __arm_cp.1_0                             0x08001894   Number         4  stm32f1xx_hal_rcc.o(.text.HAL_RCC_OscConfig)
    __arm_cp.1_1                             0x08001898   Number         4  stm32f1xx_hal_rcc.o(.text.HAL_RCC_OscConfig)
    __arm_cp.1_2                             0x0800189c   Number         4  stm32f1xx_hal_rcc.o(.text.HAL_RCC_OscConfig)
    __arm_cp.1_3                             0x080018a0   Number         4  stm32f1xx_hal_rcc.o(.text.HAL_RCC_OscConfig)
    [Anonymous Symbol]                       0x080018a4   Section        0  main.o(.text.HAL_RTC_AlarmAEventCallback)
    [Anonymous Symbol]                       0x080018a8   Section        0  stm32f1xx_hal_rtc.o(.text.HAL_RTC_AlarmIRQHandler)
    __arm_cp.20_0                            0x080018dc   Number         4  stm32f1xx_hal_rtc.o(.text.HAL_RTC_AlarmIRQHandler)
    [Anonymous Symbol]                       0x080018e0   Section        0  stm32f1xx_hal_rtc.o(.text.HAL_RTC_GetDate)
    [Anonymous Symbol]                       0x0800193c   Section        0  stm32f1xx_hal_rtc.o(.text.HAL_RTC_GetTime)
    __arm_cp.10_1                            0x08001ab8   Number         4  stm32f1xx_hal_rtc.o(.text.HAL_RTC_GetTime)
    __arm_cp.10_2                            0x08001abc   Number         4  stm32f1xx_hal_rtc.o(.text.HAL_RTC_GetTime)
    [Anonymous Symbol]                       0x08001ac0   Section        0  stm32f1xx_hal_rtc.o(.text.HAL_RTC_Init)
    __arm_cp.0_0                             0x08001b50   Number         4  stm32f1xx_hal_rtc.o(.text.HAL_RTC_Init)
    [Anonymous Symbol]                       0x08001b54   Section        0  rtc.o(.text.HAL_RTC_MspInit)
    __arm_cp.1_0                             0x08001b94   Number         4  rtc.o(.text.HAL_RTC_MspInit)
    __arm_cp.1_1                             0x08001b98   Number         4  rtc.o(.text.HAL_RTC_MspInit)
    __arm_cp.1_2                             0x08001b9c   Number         4  rtc.o(.text.HAL_RTC_MspInit)
    [Anonymous Symbol]                       0x08001ba0   Section        0  stm32f1xx_hal_rtc.o(.text.HAL_RTC_SetDate)
    __arm_cp.13_0                            0x08001c60   Number         4  stm32f1xx_hal_rtc.o(.text.HAL_RTC_SetDate)
    [Anonymous Symbol]                       0x08001c64   Section        0  stm32f1xx_hal_rtc.o(.text.HAL_RTC_SetTime)
    __arm_cp.7_0                             0x08001d28   Number         4  stm32f1xx_hal_rtc.o(.text.HAL_RTC_SetTime)
    [Anonymous Symbol]                       0x08001d2c   Section        0  stm32f1xx_hal_rtc.o(.text.HAL_RTC_WaitForSynchro)
    [Anonymous Symbol]                       0x08001d62   Section        0  stm32f1xx_hal_spi.o(.text.HAL_SPI_GetState)
    [Anonymous Symbol]                       0x08001d68   Section        0  stm32f1xx_hal_spi.o(.text.HAL_SPI_Init)
    [Anonymous Symbol]                       0x08001e1c   Section        0  spi.o(.text.HAL_SPI_MspInit)
    __arm_cp.1_0                             0x08001e88   Number         4  spi.o(.text.HAL_SPI_MspInit)
    __arm_cp.1_1                             0x08001e8c   Number         4  spi.o(.text.HAL_SPI_MspInit)
    [Anonymous Symbol]                       0x08001e90   Section        0  stm32f1xx_hal_spi.o(.text.HAL_SPI_Receive)
    [Anonymous Symbol]                       0x08001fd4   Section        0  stm32f1xx_hal_spi.o(.text.HAL_SPI_Transmit)
    [Anonymous Symbol]                       0x08002142   Section        0  stm32f1xx_hal_spi.o(.text.HAL_SPI_TransmitReceive)
    [Anonymous Symbol]                       0x08002328   Section        0  stm32f1xx_hal_cortex.o(.text.HAL_SYSTICK_Config)
    __arm_cp.7_0                             0x08002348   Number         4  stm32f1xx_hal_cortex.o(.text.HAL_SYSTICK_Config)
    __arm_cp.7_1                             0x0800234c   Number         4  stm32f1xx_hal_cortex.o(.text.HAL_SYSTICK_Config)
    [Anonymous Symbol]                       0x08002350   Section        0  stm32f1xx_it.o(.text.HardFault_Handler)
    I2C_IsAcknowledgeFailed                  0x08002353   Thumb Code    48  stm32f1xx_hal_i2c.o(.text.I2C_IsAcknowledgeFailed)
    [Anonymous Symbol]                       0x08002352   Section        0  stm32f1xx_hal_i2c.o(.text.I2C_IsAcknowledgeFailed)
    I2C_RequestMemoryRead                    0x08002385   Thumb Code   260  stm32f1xx_hal_i2c.o(.text.I2C_RequestMemoryRead)
    [Anonymous Symbol]                       0x08002384   Section        0  stm32f1xx_hal_i2c.o(.text.I2C_RequestMemoryRead)
    __arm_cp.25_0                            0x08002484   Number         4  stm32f1xx_hal_i2c.o(.text.I2C_RequestMemoryRead)
    I2C_WaitOnBTFFlagUntilTimeout            0x08002489   Thumb Code    84  stm32f1xx_hal_i2c.o(.text.I2C_WaitOnBTFFlagUntilTimeout)
    [Anonymous Symbol]                       0x08002488   Section        0  stm32f1xx_hal_i2c.o(.text.I2C_WaitOnBTFFlagUntilTimeout)
    I2C_WaitOnFlagUntilTimeout               0x080024dd   Thumb Code   142  stm32f1xx_hal_i2c.o(.text.I2C_WaitOnFlagUntilTimeout)
    [Anonymous Symbol]                       0x080024dc   Section        0  stm32f1xx_hal_i2c.o(.text.I2C_WaitOnFlagUntilTimeout)
    I2C_WaitOnMasterAddressFlagUntilTimeout  0x0800256b   Thumb Code   160  stm32f1xx_hal_i2c.o(.text.I2C_WaitOnMasterAddressFlagUntilTimeout)
    [Anonymous Symbol]                       0x0800256a   Section        0  stm32f1xx_hal_i2c.o(.text.I2C_WaitOnMasterAddressFlagUntilTimeout)
    I2C_WaitOnRXNEFlagUntilTimeout           0x0800260b   Thumb Code   102  stm32f1xx_hal_i2c.o(.text.I2C_WaitOnRXNEFlagUntilTimeout)
    [Anonymous Symbol]                       0x0800260a   Section        0  stm32f1xx_hal_i2c.o(.text.I2C_WaitOnRXNEFlagUntilTimeout)
    I2C_WaitOnTXEFlagUntilTimeout            0x08002671   Thumb Code    84  stm32f1xx_hal_i2c.o(.text.I2C_WaitOnTXEFlagUntilTimeout)
    [Anonymous Symbol]                       0x08002670   Section        0  stm32f1xx_hal_i2c.o(.text.I2C_WaitOnTXEFlagUntilTimeout)
    [Anonymous Symbol]                       0x080026c4   Section        0  lora.o(.text.LoRa_BurstWrite)
    [Anonymous Symbol]                       0x0800271c   Section        0  lora.o(.text.LoRa_gotoMode)
    [Anonymous Symbol]                       0x08002778   Section        0  lora.o(.text.LoRa_init)
    __arm_cp.21_1                            0x08002850   Number         4  lora.o(.text.LoRa_init)
    [Anonymous Symbol]                       0x08002854   Section        0  lora.o(.text.LoRa_read)
    [Anonymous Symbol]                       0x08002876   Section        0  lora.o(.text.LoRa_readReg)
    [Anonymous Symbol]                       0x080028ca   Section        0  my_lora.o(.text.LoRa_receive_interrupt)
    [Anonymous Symbol]                       0x08002924   Section        0  lora.o(.text.LoRa_setAutoLDO)
    __arm_cp.8_0                             0x08002960   Number         4  lora.o(.text.LoRa_setAutoLDO)
    [Anonymous Symbol]                       0x08002964   Section        0  lora.o(.text.LoRa_setFrequency)
    __arm_cp.9_0                             0x0800299c   Number         4  lora.o(.text.LoRa_setFrequency)
    __arm_cp.9_1                             0x080029a0   Number         4  lora.o(.text.LoRa_setFrequency)
    [Anonymous Symbol]                       0x080029a4   Section        0  lora.o(.text.LoRa_setLowDaraRateOptimization)
    [Anonymous Symbol]                       0x080029ce   Section        0  lora.o(.text.LoRa_setOCP)
    [Anonymous Symbol]                       0x08002a06   Section        0  lora.o(.text.LoRa_setPower)
    [Anonymous Symbol]                       0x08002a1a   Section        0  lora.o(.text.LoRa_setSpreadingFactor)
    [Anonymous Symbol]                       0x08002a5c   Section        0  lora.o(.text.LoRa_setSyncWord)
    [Anonymous Symbol]                       0x08002a70   Section        0  lora.o(.text.LoRa_setTOMsb_setCRCon)
    [Anonymous Symbol]                       0x08002a90   Section        0  lora.o(.text.LoRa_transmit)
    [Anonymous Symbol]                       0x08002b0e   Section        0  lora.o(.text.LoRa_write)
    [Anonymous Symbol]                       0x08002b30   Section        0  lora.o(.text.LoRa_writeReg)
    [Anonymous Symbol]                       0x08002b84   Section        0  gpio.o(.text.MX_GPIO_Init)
    __arm_cp.0_0                             0x08002c54   Number         4  gpio.o(.text.MX_GPIO_Init)
    __arm_cp.0_1                             0x08002c58   Number         4  gpio.o(.text.MX_GPIO_Init)
    __arm_cp.0_2                             0x08002c5c   Number         4  gpio.o(.text.MX_GPIO_Init)
    __arm_cp.0_3                             0x08002c60   Number         4  gpio.o(.text.MX_GPIO_Init)
    __arm_cp.0_4                             0x08002c64   Number         4  gpio.o(.text.MX_GPIO_Init)
    [Anonymous Symbol]                       0x08002c68   Section        0  i2c.o(.text.MX_I2C1_Init)
    __arm_cp.0_0                             0x08002c98   Number         4  i2c.o(.text.MX_I2C1_Init)
    __arm_cp.0_1                             0x08002c9c   Number         4  i2c.o(.text.MX_I2C1_Init)
    __arm_cp.0_2                             0x08002ca0   Number         4  i2c.o(.text.MX_I2C1_Init)
    [Anonymous Symbol]                       0x08002ca4   Section        0  rtc.o(.text.MX_RTC_Init)
    __arm_cp.0_1                             0x08002cfc   Number         4  rtc.o(.text.MX_RTC_Init)
    __arm_cp.0_2                             0x08002d00   Number         4  rtc.o(.text.MX_RTC_Init)
    [Anonymous Symbol]                       0x08002d04   Section        0  spi.o(.text.MX_SPI1_Init)
    __arm_cp.0_0                             0x08002d40   Number         4  spi.o(.text.MX_SPI1_Init)
    __arm_cp.0_1                             0x08002d44   Number         4  spi.o(.text.MX_SPI1_Init)
    [Anonymous Symbol]                       0x08002d48   Section        0  stm32f1xx_it.o(.text.MemManage_Handler)
    [Anonymous Symbol]                       0x08002d4a   Section        0  stm32f1xx_it.o(.text.NMI_Handler)
    [Anonymous Symbol]                       0x08002d4c   Section        0  stm32f1xx_it.o(.text.PendSV_Handler)
    [Anonymous Symbol]                       0x08002d50   Section        0  stm32f1xx_it.o(.text.RTC_Alarm_IRQHandler)
    __arm_cp.10_0                            0x08002d58   Number         4  stm32f1xx_it.o(.text.RTC_Alarm_IRQHandler)
    RTC_ByteToBcd2                           0x08002d5d   Thumb Code    40  stm32f1xx_hal_rtc.o(.text.RTC_ByteToBcd2)
    [Anonymous Symbol]                       0x08002d5c   Section        0  stm32f1xx_hal_rtc.o(.text.RTC_ByteToBcd2)
    RTC_EnterInitMode                        0x08002d85   Thumb Code    46  stm32f1xx_hal_rtc.o(.text.RTC_EnterInitMode)
    [Anonymous Symbol]                       0x08002d84   Section        0  stm32f1xx_hal_rtc.o(.text.RTC_EnterInitMode)
    RTC_ExitInitMode                         0x08002db3   Thumb Code    48  stm32f1xx_hal_rtc.o(.text.RTC_ExitInitMode)
    [Anonymous Symbol]                       0x08002db2   Section        0  stm32f1xx_hal_rtc.o(.text.RTC_ExitInitMode)
    RTC_ReadTimeCounter                      0x08002de3   Thumb Code    30  stm32f1xx_hal_rtc.o(.text.RTC_ReadTimeCounter)
    [Anonymous Symbol]                       0x08002de2   Section        0  stm32f1xx_hal_rtc.o(.text.RTC_ReadTimeCounter)
    RTC_WeekDayNum                           0x08002e01   Thumb Code    82  stm32f1xx_hal_rtc.o(.text.RTC_WeekDayNum)
    [Anonymous Symbol]                       0x08002e00   Section        0  stm32f1xx_hal_rtc.o(.text.RTC_WeekDayNum)
    RTC_WriteAlarmCounter                    0x08002e53   Thumb Code    40  stm32f1xx_hal_rtc.o(.text.RTC_WriteAlarmCounter)
    [Anonymous Symbol]                       0x08002e52   Section        0  stm32f1xx_hal_rtc.o(.text.RTC_WriteAlarmCounter)
    RTC_WriteTimeCounter                     0x08002e7b   Thumb Code    40  stm32f1xx_hal_rtc.o(.text.RTC_WriteTimeCounter)
    [Anonymous Symbol]                       0x08002e7a   Section        0  stm32f1xx_hal_rtc.o(.text.RTC_WriteTimeCounter)
    SPI_EndRxTransaction                     0x08002ea3   Thumb Code    84  stm32f1xx_hal_spi.o(.text.SPI_EndRxTransaction)
    [Anonymous Symbol]                       0x08002ea2   Section        0  stm32f1xx_hal_spi.o(.text.SPI_EndRxTransaction)
    SPI_EndRxTxTransaction                   0x08002ef7   Thumb Code    54  stm32f1xx_hal_spi.o(.text.SPI_EndRxTxTransaction)
    [Anonymous Symbol]                       0x08002ef6   Section        0  stm32f1xx_hal_spi.o(.text.SPI_EndRxTxTransaction)
    SPI_WaitFlagStateUntilTimeout            0x08002f2d   Thumb Code   192  stm32f1xx_hal_spi.o(.text.SPI_WaitFlagStateUntilTimeout)
    [Anonymous Symbol]                       0x08002f2c   Section        0  stm32f1xx_hal_spi.o(.text.SPI_WaitFlagStateUntilTimeout)
    __arm_cp.54_0                            0x08002fe8   Number         4  stm32f1xx_hal_spi.o(.text.SPI_WaitFlagStateUntilTimeout)
    [Anonymous Symbol]                       0x08002fec   Section        0  stm32f1xx_it.o(.text.SVC_Handler)
    [Anonymous Symbol]                       0x08002fee   Section        0  stm32f1xx_it.o(.text.SysTick_Handler)
    [Anonymous Symbol]                       0x08002ff2   Section        0  main.o(.text.SystemClock_Config)
    [Anonymous Symbol]                       0x08003072   Section        0  system_stm32f1xx.o(.text.SystemInit)
    [Anonymous Symbol]                       0x08003074   Section        0  my_lora.o(.text.TDMA_Join_network)
    __arm_cp.7_0                             0x08003110   Number         4  my_lora.o(.text.TDMA_Join_network)
    [Anonymous Symbol]                       0x08003114   Section        0  my_lora.o(.text.TDMA_Send_Emergency)
    [Anonymous Symbol]                       0x0800316e   Section        0  stm32f1xx_it.o(.text.UsageFault_Handler)
    __NVIC_SetPriority                       0x08003171   Thumb Code    36  stm32f1xx_hal_cortex.o(.text.__NVIC_SetPriority)
    [Anonymous Symbol]                       0x08003170   Section        0  stm32f1xx_hal_cortex.o(.text.__NVIC_SetPriority)
    __arm_cp.2_0                             0x0800318c   Number         4  stm32f1xx_hal_cortex.o(.text.__NVIC_SetPriority)
    __arm_cp.2_1                             0x08003190   Number         4  stm32f1xx_hal_cortex.o(.text.__NVIC_SetPriority)
    [Anonymous Symbol]                       0x08003194   Section        0  my_lora.o(.text.calculate_sleep_seconds)
    __arm_cp.4_0                             0x080031b0   Number         4  my_lora.o(.text.calculate_sleep_seconds)
    [Anonymous Symbol]                       0x080031b4   Section        0  my_sensor.o(.text.check_thresholds)
    __arm_cp.6_0                             0x0800321c   Number         4  my_sensor.o(.text.check_thresholds)
    __arm_cp.6_1                             0x08003220   Number         4  my_sensor.o(.text.check_thresholds)
    [Anonymous Symbol]                       0x08003224   Section        0  my_lora.o(.text.get_current_rtc_time)
    __arm_cp.5_0                             0x0800325c   Number         4  my_lora.o(.text.get_current_rtc_time)
    [Anonymous Symbol]                       0x08003260   Section        0  main.o(.text.main)
    __arm_cp.0_0                             0x0800344c   Number         4  main.o(.text.main)
    __arm_cp.0_2                             0x08003450   Number         4  main.o(.text.main)
    __arm_cp.0_3                             0x08003454   Number         4  main.o(.text.main)
    [Anonymous Symbol]                       0x08003458   Section        0  my_lora.o(.text.my_lora_init_default)
    __arm_cp.1_1                             0x080034c8   Number         4  my_lora.o(.text.my_lora_init_default)
    __arm_cp.1_2                             0x080034cc   Number         4  my_lora.o(.text.my_lora_init_default)
    __arm_cp.1_3                             0x080034d0   Number         4  my_lora.o(.text.my_lora_init_default)
    [Anonymous Symbol]                       0x080034d4   Section        0  my_lora.o(.text.my_lora_new_device)
    __arm_cp.3_3                             0x080035a8   Number         4  my_lora.o(.text.my_lora_new_device)
    __arm_cp.3_4                             0x080035ac   Number         4  my_lora.o(.text.my_lora_new_device)
    __arm_cp.3_5                             0x080035b0   Number         4  my_lora.o(.text.my_lora_new_device)
    __arm_cp.3_6                             0x080035b4   Number         4  my_lora.o(.text.my_lora_new_device)
    [Anonymous Symbol]                       0x080035b8   Section        0  my_lora.o(.text.my_lora_transmit_wait_data)
    __arm_cp.2_0                             0x08003684   Number         4  my_lora.o(.text.my_lora_transmit_wait_data)
    __arm_cp.2_1                             0x08003688   Number         4  my_lora.o(.text.my_lora_transmit_wait_data)
    __arm_cp.2_2                             0x0800368c   Number         4  my_lora.o(.text.my_lora_transmit_wait_data)
    __arm_cp.2_3                             0x08003690   Number         4  my_lora.o(.text.my_lora_transmit_wait_data)
    __arm_cp.2_4                             0x08003694   Number         4  my_lora.o(.text.my_lora_transmit_wait_data)
    __arm_cp.2_5                             0x08003698   Number         4  my_lora.o(.text.my_lora_transmit_wait_data)
    __arm_cp.2_6                             0x0800369c   Number         4  my_lora.o(.text.my_lora_transmit_wait_data)
    __arm_cp.2_7                             0x080036a0   Number         4  my_lora.o(.text.my_lora_transmit_wait_data)
    [Anonymous Symbol]                       0x080036a4   Section        0  my_power.o(.text.my_power_enter_stop_mode)
    [Anonymous Symbol]                       0x080036b0   Section        0  lora.o(.text.newLoRa)
    __arm_cp.0_0                             0x080036c8   Number         4  lora.o(.text.newLoRa)
    [Anonymous Symbol]                       0x080036cc   Section        0  my_sensor.o(.text.read_sensors)
    __arm_cp.5_0                             0x0800371c   Number         4  my_sensor.o(.text.read_sensors)
    x$fpl$d2f                                0x08003720   Section       98  d2f.o(x$fpl$d2f)
    x$fpl$dadd                               0x08003784   Section      336  daddsub_clz.o(x$fpl$dadd)
    _dadd1                                   0x08003795   Thumb Code     0  daddsub_clz.o(x$fpl$dadd)
    x$fpl$ddiv                               0x080038d4   Section      688  ddiv.o(x$fpl$ddiv)
    ddiv_entry                               0x080038db   Thumb Code     0  ddiv.o(x$fpl$ddiv)
    x$fpl$dfix                               0x08003b84   Section       94  dfix.o(x$fpl$dfix)
    x$fpl$dflt                               0x08003be2   Section       46  dflt_clz.o(x$fpl$dflt)
    x$fpl$dfltu                              0x08003c10   Section       38  dflt_clz.o(x$fpl$dfltu)
    x$fpl$dmul                               0x08003c38   Section      340  dmul.o(x$fpl$dmul)
    x$fpl$dnaninf                            0x08003d8c   Section      156  dnaninf.o(x$fpl$dnaninf)
    x$fpl$dretinf                            0x08003e28   Section       12  dretinf.o(x$fpl$dretinf)
    x$fpl$dsub                               0x08003e34   Section      468  daddsub_clz.o(x$fpl$dsub)
    _dsub1                                   0x08003e45   Thumb Code     0  daddsub_clz.o(x$fpl$dsub)
    x$fpl$ffix                               0x08004008   Section       54  ffix.o(x$fpl$ffix)
    x$fpl$fmul                               0x08004040   Section      258  fmul.o(x$fpl$fmul)
    x$fpl$fnaninf                            0x08004142   Section      140  fnaninf.o(x$fpl$fnaninf)
    x$fpl$fretinf                            0x080041ce   Section       10  fretinf.o(x$fpl$fretinf)
    [Anonymous Symbol]                       0x080041d8   Section        0  lora.o(.rodata..L__const.LoRa_setAutoLDO.BW)
    x$fpl$usenofp                            0x080041d8   Section        0  usenofp.o(x$fpl$usenofp)
    [Anonymous Symbol]                       0x20000000   Section        0  stm32f1xx_hal.o(.data..L_MergedGlobals)
    .bss                                     0x20000018   Section      228  rand.o(.bss)
    .bss                                     0x200000fc   Section       96  libspace.o(.bss)
    [Anonymous Symbol]                       0x2000015c   Section        0  main.o(.bss..L_MergedGlobals)
    [Anonymous Symbol]                       0x20000170   Section        0  my_lora.o(.bss..L_MergedGlobals)
    Heap_Mem                                 0x20000270   Data         512  startup_stm32f103xb.o(HEAP)
    HEAP                                     0x20000270   Section      512  startup_stm32f103xb.o(HEAP)
    Stack_Mem                                0x20000470   Data        1024  startup_stm32f103xb.o(STACK)
    STACK                                    0x20000470   Section     1024  startup_stm32f103xb.o(STACK)
    __initial_sp                             0x20000870   Data           0  startup_stm32f103xb.o(STACK)

    Global Symbols

    Symbol Name                              Value     Ov Type        Size  Object(Section)

    BuildAttributes$$THM_ISAv4$P$D$K$B$S$PE$A:L22UL41UL21$X:L11$S22US41US21$IEEE1$IW$~IW$USESV6$~STKCKD$USESV7$~SHL$OSPACE$ROPI$EBA8$UX$STANDARDLIB$REQ8$PRES8$EABIv2 0x00000000   Number         0  anon$$obj.o ABSOLUTE
    __fp_init_empty                          0x00000000   Number         0  fpinit_empty.o ABSOLUTE
    __ARM_exceptions_init                     - Undefined Weak Reference
    __alloca_initialize                       - Undefined Weak Reference
    __arm_preinit_                            - Undefined Weak Reference
    __cpp_initialize__aeabi_                  - Undefined Weak Reference
    __cxa_finalize                            - Undefined Weak Reference
    __rt_locale                               - Undefined Weak Reference
    __sigvec_lookup                           - Undefined Weak Reference
    _atexit_init                              - Undefined Weak Reference
    _call_atexit_fns                          - Undefined Weak Reference
    _clock_init                               - Undefined Weak Reference
    _fp_trap_init                             - Undefined Weak Reference
    _fp_trap_shutdown                         - Undefined Weak Reference
    _get_lc_collate                           - Undefined Weak Reference
    _get_lc_ctype                             - Undefined Weak Reference
    _get_lc_monetary                          - Undefined Weak Reference
    _get_lc_numeric                           - Undefined Weak Reference
    _get_lc_time                              - Undefined Weak Reference
    _getenv_init                              - Undefined Weak Reference
    _handle_redirection                       - Undefined Weak Reference
    _init_alloc                               - Undefined Weak Reference
    _init_user_alloc                          - Undefined Weak Reference
    _initio                                   - Undefined Weak Reference
    _signal_finish                            - Undefined Weak Reference
    _signal_init                              - Undefined Weak Reference
    _terminate_alloc                          - Undefined Weak Reference
    _terminate_user_alloc                     - Undefined Weak Reference
    _terminateio                              - Undefined Weak Reference
    __Vectors_Size                           0x000000ec   Number         0  startup_stm32f103xb.o ABSOLUTE
    __Vectors                                0x08000000   Data           4  startup_stm32f103xb.o(RESET)
    __Vectors_End                            0x080000ec   Data           0  startup_stm32f103xb.o(RESET)
    __main                                   0x080000ed   Thumb Code     8  __main.o(!!!main)
    __scatterload                            0x080000f5   Thumb Code     0  __scatter.o(!!!scatter)
    __scatterload_rt2                        0x080000f5   Thumb Code    44  __scatter.o(!!!scatter)
    __scatterload_rt2_thumb_only             0x080000f5   Thumb Code     0  __scatter.o(!!!scatter)
    __scatterload_null                       0x08000103   Thumb Code     0  __scatter.o(!!!scatter)
    __scatterload_copy                       0x08000129   Thumb Code    26  __scatter_copy.o(!!handler_copy)
    __scatterload_zeroinit                   0x08000145   Thumb Code    28  __scatter_zi.o(!!handler_zi)
    __rt_lib_init                            0x08000161   Thumb Code     0  libinit.o(.ARM.Collect$$libinit$$00000000)
    __rt_lib_init_fp_1                       0x08000163   Thumb Code     0  libinit2.o(.ARM.Collect$$libinit$$00000002)
    __rt_lib_init_heap_1                     0x08000163   Thumb Code     0  libinit2.o(.ARM.Collect$$libinit$$0000000A)
    __rt_lib_init_preinit_1                  0x08000163   Thumb Code     0  libinit2.o(.ARM.Collect$$libinit$$00000004)
    __rt_lib_init_rand_2                     0x08000163   Thumb Code     0  libinit2.o(.ARM.Collect$$libinit$$0000000D)
    __rt_lib_init_user_alloc_1               0x08000163   Thumb Code     0  libinit2.o(.ARM.Collect$$libinit$$0000000C)
    __rt_lib_init_alloca_1                   0x08000167   Thumb Code     0  libinit2.o(.ARM.Collect$$libinit$$0000002E)
    __rt_lib_init_argv_1                     0x08000167   Thumb Code     0  libinit2.o(.ARM.Collect$$libinit$$0000002C)
    __rt_lib_init_atexit_1                   0x08000167   Thumb Code     0  libinit2.o(.ARM.Collect$$libinit$$0000001B)
    __rt_lib_init_clock_1                    0x08000167   Thumb Code     0  libinit2.o(.ARM.Collect$$libinit$$00000021)
    __rt_lib_init_cpp_1                      0x08000167   Thumb Code     0  libinit2.o(.ARM.Collect$$libinit$$00000032)
    __rt_lib_init_exceptions_1               0x08000167   Thumb Code     0  libinit2.o(.ARM.Collect$$libinit$$00000030)
    __rt_lib_init_fp_trap_1                  0x08000167   Thumb Code     0  libinit2.o(.ARM.Collect$$libinit$$0000001F)
    __rt_lib_init_getenv_1                   0x08000167   Thumb Code     0  libinit2.o(.ARM.Collect$$libinit$$00000023)
    __rt_lib_init_lc_collate_1               0x08000167   Thumb Code     0  libinit2.o(.ARM.Collect$$libinit$$00000011)
    __rt_lib_init_lc_ctype_1                 0x08000167   Thumb Code     0  libinit2.o(.ARM.Collect$$libinit$$00000013)
    __rt_lib_init_lc_monetary_1              0x08000167   Thumb Code     0  libinit2.o(.ARM.Collect$$libinit$$00000015)
    __rt_lib_init_lc_numeric_1               0x08000167   Thumb Code     0  libinit2.o(.ARM.Collect$$libinit$$00000017)
    __rt_lib_init_lc_time_1                  0x08000167   Thumb Code     0  libinit2.o(.ARM.Collect$$libinit$$00000019)
    __rt_lib_init_rand_1                     0x08000167   Thumb Code     0  libinit2.o(.ARM.Collect$$libinit$$0000000E)
    __rt_lib_init_return                     0x08000167   Thumb Code     0  libinit2.o(.ARM.Collect$$libinit$$00000033)
    __rt_lib_init_signal_1                   0x08000167   Thumb Code     0  libinit2.o(.ARM.Collect$$libinit$$0000001D)
    __rt_lib_init_stdio_1                    0x08000167   Thumb Code     0  libinit2.o(.ARM.Collect$$libinit$$00000025)
    __rt_lib_shutdown                        0x08000169   Thumb Code     0  libshutdown.o(.ARM.Collect$$libshutdown$$00000000)
    __rt_lib_shutdown_cpp_1                  0x0800016b   Thumb Code     0  libshutdown2.o(.ARM.Collect$$libshutdown$$00000002)
    __rt_lib_shutdown_fp_trap_1              0x0800016b   Thumb Code     0  libshutdown2.o(.ARM.Collect$$libshutdown$$00000007)
    __rt_lib_shutdown_heap_1                 0x0800016b   Thumb Code     0  libshutdown2.o(.ARM.Collect$$libshutdown$$0000000F)
    __rt_lib_shutdown_return                 0x0800016b   Thumb Code     0  libshutdown2.o(.ARM.Collect$$libshutdown$$00000010)
    __rt_lib_shutdown_signal_1               0x0800016b   Thumb Code     0  libshutdown2.o(.ARM.Collect$$libshutdown$$0000000A)
    __rt_lib_shutdown_stdio_1                0x0800016b   Thumb Code     0  libshutdown2.o(.ARM.Collect$$libshutdown$$00000004)
    __rt_lib_shutdown_user_alloc_1           0x0800016b   Thumb Code     0  libshutdown2.o(.ARM.Collect$$libshutdown$$0000000C)
    __rt_entry                               0x0800016d   Thumb Code     0  __rtentry.o(.ARM.Collect$$rtentry$$00000000)
    __rt_entry_presh_1                       0x0800016d   Thumb Code     0  __rtentry2.o(.ARM.Collect$$rtentry$$00000002)
    __rt_entry_sh                            0x0800016d   Thumb Code     0  __rtentry4.o(.ARM.Collect$$rtentry$$00000004)
    __rt_entry_li                            0x08000173   Thumb Code     0  __rtentry2.o(.ARM.Collect$$rtentry$$0000000A)
    __rt_entry_postsh_1                      0x08000173   Thumb Code     0  __rtentry2.o(.ARM.Collect$$rtentry$$00000009)
    __rt_entry_main                          0x08000177   Thumb Code     0  __rtentry2.o(.ARM.Collect$$rtentry$$0000000D)
    __rt_entry_postli_1                      0x08000177   Thumb Code     0  __rtentry2.o(.ARM.Collect$$rtentry$$0000000C)
    __rt_exit                                0x0800017f   Thumb Code     0  rtexit.o(.ARM.Collect$$rtexit$$00000000)
    __rt_exit_ls                             0x08000181   Thumb Code     0  rtexit2.o(.ARM.Collect$$rtexit$$00000003)
    __rt_exit_prels_1                        0x08000181   Thumb Code     0  rtexit2.o(.ARM.Collect$$rtexit$$00000002)
    __rt_exit_exit                           0x08000185   Thumb Code     0  rtexit2.o(.ARM.Collect$$rtexit$$00000004)
    rand                                     0x0800018d   Thumb Code    48  rand.o(.emb_text)
    Reset_Handler                            0x080001c1   Thumb Code     8  startup_stm32f103xb.o(.text)
    ADC1_2_IRQHandler                        0x080001db   Thumb Code     0  startup_stm32f103xb.o(.text)
    CAN1_RX1_IRQHandler                      0x080001db   Thumb Code     0  startup_stm32f103xb.o(.text)
    CAN1_SCE_IRQHandler                      0x080001db   Thumb Code     0  startup_stm32f103xb.o(.text)
    DMA1_Channel1_IRQHandler                 0x080001db   Thumb Code     0  startup_stm32f103xb.o(.text)
    DMA1_Channel2_IRQHandler                 0x080001db   Thumb Code     0  startup_stm32f103xb.o(.text)
    DMA1_Channel3_IRQHandler                 0x080001db   Thumb Code     0  startup_stm32f103xb.o(.text)
    DMA1_Channel4_IRQHandler                 0x080001db   Thumb Code     0  startup_stm32f103xb.o(.text)
    DMA1_Channel5_IRQHandler                 0x080001db   Thumb Code     0  startup_stm32f103xb.o(.text)
    DMA1_Channel6_IRQHandler                 0x080001db   Thumb Code     0  startup_stm32f103xb.o(.text)
    DMA1_Channel7_IRQHandler                 0x080001db   Thumb Code     0  startup_stm32f103xb.o(.text)
    EXTI15_10_IRQHandler                     0x080001db   Thumb Code     0  startup_stm32f103xb.o(.text)
    EXTI1_IRQHandler                         0x080001db   Thumb Code     0  startup_stm32f103xb.o(.text)
    EXTI2_IRQHandler                         0x080001db   Thumb Code     0  startup_stm32f103xb.o(.text)
    EXTI3_IRQHandler                         0x080001db   Thumb Code     0  startup_stm32f103xb.o(.text)
    EXTI4_IRQHandler                         0x080001db   Thumb Code     0  startup_stm32f103xb.o(.text)
    EXTI9_5_IRQHandler                       0x080001db   Thumb Code     0  startup_stm32f103xb.o(.text)
    FLASH_IRQHandler                         0x080001db   Thumb Code     0  startup_stm32f103xb.o(.text)
    I2C1_ER_IRQHandler                       0x080001db   Thumb Code     0  startup_stm32f103xb.o(.text)
    I2C1_EV_IRQHandler                       0x080001db   Thumb Code     0  startup_stm32f103xb.o(.text)
    I2C2_ER_IRQHandler                       0x080001db   Thumb Code     0  startup_stm32f103xb.o(.text)
    I2C2_EV_IRQHandler                       0x080001db   Thumb Code     0  startup_stm32f103xb.o(.text)
    PVD_IRQHandler                           0x080001db   Thumb Code     0  startup_stm32f103xb.o(.text)
    RCC_IRQHandler                           0x080001db   Thumb Code     0  startup_stm32f103xb.o(.text)
    RTC_IRQHandler                           0x080001db   Thumb Code     0  startup_stm32f103xb.o(.text)
    SPI1_IRQHandler                          0x080001db   Thumb Code     0  startup_stm32f103xb.o(.text)
    SPI2_IRQHandler                          0x080001db   Thumb Code     0  startup_stm32f103xb.o(.text)
    TAMPER_IRQHandler                        0x080001db   Thumb Code     0  startup_stm32f103xb.o(.text)
    TIM1_BRK_IRQHandler                      0x080001db   Thumb Code     0  startup_stm32f103xb.o(.text)
    TIM1_CC_IRQHandler                       0x080001db   Thumb Code     0  startup_stm32f103xb.o(.text)
    TIM1_TRG_COM_IRQHandler                  0x080001db   Thumb Code     0  startup_stm32f103xb.o(.text)
    TIM1_UP_IRQHandler                       0x080001db   Thumb Code     0  startup_stm32f103xb.o(.text)
    TIM2_IRQHandler                          0x080001db   Thumb Code     0  startup_stm32f103xb.o(.text)
    TIM3_IRQHandler                          0x080001db   Thumb Code     0  startup_stm32f103xb.o(.text)
    TIM4_IRQHandler                          0x080001db   Thumb Code     0  startup_stm32f103xb.o(.text)
    USART1_IRQHandler                        0x080001db   Thumb Code     0  startup_stm32f103xb.o(.text)
    USART2_IRQHandler                        0x080001db   Thumb Code     0  startup_stm32f103xb.o(.text)
    USART3_IRQHandler                        0x080001db   Thumb Code     0  startup_stm32f103xb.o(.text)
    USBWakeUp_IRQHandler                     0x080001db   Thumb Code     0  startup_stm32f103xb.o(.text)
    USB_HP_CAN1_TX_IRQHandler                0x080001db   Thumb Code     0  startup_stm32f103xb.o(.text)
    USB_LP_CAN1_RX0_IRQHandler               0x080001db   Thumb Code     0  startup_stm32f103xb.o(.text)
    WWDG_IRQHandler                          0x080001db   Thumb Code     0  startup_stm32f103xb.o(.text)
    __user_initial_stackheap                 0x080001dd   Thumb Code     0  startup_stm32f103xb.o(.text)
    srand                                    0x08000201   Thumb Code    42  rand.o(.text)
    _rand_init                               0x0800022b   Thumb Code     4  rand.o(.text)
    __aeabi_memcpy                           0x0800023d   Thumb Code     0  rt_memcpy_v6.o(.text)
    __rt_memcpy                              0x0800023d   Thumb Code   138  rt_memcpy_v6.o(.text)
    _memcpy_lastbytes                        0x080002a3   Thumb Code     0  rt_memcpy_v6.o(.text)
    __aeabi_memclr4                          0x080002c7   Thumb Code     0  rt_memclr_w.o(.text)
    __aeabi_memclr8                          0x080002c7   Thumb Code     0  rt_memclr_w.o(.text)
    __rt_memclr_w                            0x080002c7   Thumb Code    78  rt_memclr_w.o(.text)
    _memset_w                                0x080002cb   Thumb Code     0  rt_memclr_w.o(.text)
    __use_two_region_memory                  0x08000315   Thumb Code     2  heapauxi.o(.text)
    __rt_heap_escrow$2region                 0x08000317   Thumb Code     2  heapauxi.o(.text)
    __rt_heap_expand$2region                 0x08000319   Thumb Code     2  heapauxi.o(.text)
    __aeabi_memcpy4                          0x0800031b   Thumb Code     0  rt_memcpy_w.o(.text)
    __aeabi_memcpy8                          0x0800031b   Thumb Code     0  rt_memcpy_w.o(.text)
    __rt_memcpy_w                            0x0800031b   Thumb Code   100  rt_memcpy_w.o(.text)
    _memcpy_lastbytes_aligned                0x08000363   Thumb Code     0  rt_memcpy_w.o(.text)
    __user_setup_stackheap                   0x0800037f   Thumb Code    74  sys_stackheap_outer.o(.text)
    exit                                     0x080003c9   Thumb Code    18  exit.o(.text)
    __user_libspace                          0x080003dd   Thumb Code     8  libspace.o(.text)
    __user_perproc_libspace                  0x080003dd   Thumb Code     0  libspace.o(.text)
    __user_perthread_libspace                0x080003dd   Thumb Code     0  libspace.o(.text)
    __I$use$semihosting                      0x080003e5   Thumb Code     0  use_no_semi.o(.text)
    __use_no_semihosting_swi                 0x080003e5   Thumb Code     2  use_no_semi.o(.text)
    __semihosting_library_function           0x080003e7   Thumb Code     0  indicate_semi.o(.text)
    _sys_exit                                0x080003e9   Thumb Code     8  sys_exit.o(.text)
    AHT20_Read                               0x080003f5   Thumb Code   296  my_sensor.o(.text.AHT20_Read)
    BusFault_Handler                         0x0800051d   Thumb Code     2  stm32f1xx_it.o(.text.BusFault_Handler)
    DebugMon_Handler                         0x0800051f   Thumb Code     2  stm32f1xx_it.o(.text.DebugMon_Handler)
    EXTI0_IRQHandler                         0x08000521   Thumb Code     6  stm32f1xx_it.o(.text.EXTI0_IRQHandler)
    Error_Handler                            0x08000527   Thumb Code     8  main.o(.text.Error_Handler)
    HAL_Delay                                0x08000531   Thumb Code    36  stm32f1xx_hal.o(.text.HAL_Delay)
    HAL_GPIO_EXTI_Callback                   0x08000555   Thumb Code    16  main.o(.text.HAL_GPIO_EXTI_Callback)
    HAL_GPIO_EXTI_IRQHandler                 0x08000565   Thumb Code    20  stm32f1xx_hal_gpio.o(.text.HAL_GPIO_EXTI_IRQHandler)
    HAL_GPIO_Init                            0x08000579   Thumb Code   416  stm32f1xx_hal_gpio.o(.text.HAL_GPIO_Init)
    HAL_GPIO_TogglePin                       0x08000719   Thumb Code    16  stm32f1xx_hal_gpio.o(.text.HAL_GPIO_TogglePin)
    HAL_GPIO_WritePin                        0x08000729   Thumb Code    10  stm32f1xx_hal_gpio.o(.text.HAL_GPIO_WritePin)
    HAL_GetTick                              0x08000735   Thumb Code    12  stm32f1xx_hal.o(.text.HAL_GetTick)
    HAL_I2C_Init                             0x08000741   Thumb Code   376  stm32f1xx_hal_i2c.o(.text.HAL_I2C_Init)
    HAL_I2C_Master_Receive                   0x080008b9   Thumb Code   884  stm32f1xx_hal_i2c.o(.text.HAL_I2C_Master_Receive)
    HAL_I2C_Master_Transmit                  0x08000c2d   Thumb Code   416  stm32f1xx_hal_i2c.o(.text.HAL_I2C_Master_Transmit)
    HAL_I2C_Mem_Read                         0x08000dcd   Thumb Code   684  stm32f1xx_hal_i2c.o(.text.HAL_I2C_Mem_Read)
    HAL_I2C_MspInit                          0x08001079   Thumb Code    92  i2c.o(.text.HAL_I2C_MspInit)
    HAL_IncTick                              0x080010d5   Thumb Code    20  stm32f1xx_hal.o(.text.HAL_IncTick)
    HAL_Init                                 0x080010e9   Thumb Code    36  stm32f1xx_hal.o(.text.HAL_Init)
    HAL_InitTick                             0x0800110d   Thumb Code    60  stm32f1xx_hal.o(.text.HAL_InitTick)
    HAL_MspInit                              0x08001149   Thumb Code    64  stm32f1xx_hal_msp.o(.text.HAL_MspInit)
    HAL_NVIC_EnableIRQ                       0x08001189   Thumb Code    28  stm32f1xx_hal_cortex.o(.text.HAL_NVIC_EnableIRQ)
    HAL_NVIC_SetPriority                     0x080011a5   Thumb Code    56  stm32f1xx_hal_cortex.o(.text.HAL_NVIC_SetPriority)
    HAL_NVIC_SetPriorityGrouping             0x080011dd   Thumb Code    32  stm32f1xx_hal_cortex.o(.text.HAL_NVIC_SetPriorityGrouping)
    HAL_PWR_EnableBkUpAccess                 0x080011fd   Thumb Code    12  stm32f1xx_hal_pwr.o(.text.HAL_PWR_EnableBkUpAccess)
    HAL_RCCEx_GetPeriphCLKFreq               0x08001209   Thumb Code   188  stm32f1xx_hal_rcc_ex.o(.text.HAL_RCCEx_GetPeriphCLKFreq)
    HAL_RCCEx_PeriphCLKConfig                0x080012c5   Thumb Code   240  stm32f1xx_hal_rcc_ex.o(.text.HAL_RCCEx_PeriphCLKConfig)
    HAL_RCC_ClockConfig                      0x080013b5   Thumb Code   320  stm32f1xx_hal_rcc.o(.text.HAL_RCC_ClockConfig)
    HAL_RCC_GetPCLK1Freq                     0x080014f5   Thumb Code    20  stm32f1xx_hal_rcc.o(.text.HAL_RCC_GetPCLK1Freq)
    HAL_RCC_GetPCLK2Freq                     0x08001509   Thumb Code    24  stm32f1xx_hal_rcc.o(.text.HAL_RCC_GetPCLK2Freq)
    HAL_RCC_GetSysClockFreq                  0x08001521   Thumb Code    84  stm32f1xx_hal_rcc.o(.text.HAL_RCC_GetSysClockFreq)
    HAL_RCC_OscConfig                        0x08001575   Thumb Code   816  stm32f1xx_hal_rcc.o(.text.HAL_RCC_OscConfig)
    HAL_RTC_AlarmAEventCallback              0x080018a5   Thumb Code     2  main.o(.text.HAL_RTC_AlarmAEventCallback)
    HAL_RTC_AlarmIRQHandler                  0x080018a9   Thumb Code    56  stm32f1xx_hal_rtc.o(.text.HAL_RTC_AlarmIRQHandler)
    HAL_RTC_GetDate                          0x080018e1   Thumb Code    92  stm32f1xx_hal_rtc.o(.text.HAL_RTC_GetDate)
    HAL_RTC_GetTime                          0x0800193d   Thumb Code   388  stm32f1xx_hal_rtc.o(.text.HAL_RTC_GetTime)
    HAL_RTC_Init                             0x08001ac1   Thumb Code   148  stm32f1xx_hal_rtc.o(.text.HAL_RTC_Init)
    HAL_RTC_MspInit                          0x08001b55   Thumb Code    76  rtc.o(.text.HAL_RTC_MspInit)
    HAL_RTC_SetDate                          0x08001ba1   Thumb Code   196  stm32f1xx_hal_rtc.o(.text.HAL_RTC_SetDate)
    HAL_RTC_SetTime                          0x08001c65   Thumb Code   200  stm32f1xx_hal_rtc.o(.text.HAL_RTC_SetTime)
    HAL_RTC_WaitForSynchro                   0x08001d2d   Thumb Code    54  stm32f1xx_hal_rtc.o(.text.HAL_RTC_WaitForSynchro)
    HAL_SPI_GetState                         0x08001d63   Thumb Code     6  stm32f1xx_hal_spi.o(.text.HAL_SPI_GetState)
    HAL_SPI_Init                             0x08001d69   Thumb Code   178  stm32f1xx_hal_spi.o(.text.HAL_SPI_Init)
    HAL_SPI_MspInit                          0x08001e1d   Thumb Code   116  spi.o(.text.HAL_SPI_MspInit)
    HAL_SPI_Receive                          0x08001e91   Thumb Code   324  stm32f1xx_hal_spi.o(.text.HAL_SPI_Receive)
    HAL_SPI_Transmit                         0x08001fd5   Thumb Code   366  stm32f1xx_hal_spi.o(.text.HAL_SPI_Transmit)
    HAL_SPI_TransmitReceive                  0x08002143   Thumb Code   484  stm32f1xx_hal_spi.o(.text.HAL_SPI_TransmitReceive)
    HAL_SYSTICK_Config                       0x08002329   Thumb Code    40  stm32f1xx_hal_cortex.o(.text.HAL_SYSTICK_Config)
    HardFault_Handler                        0x08002351   Thumb Code     2  stm32f1xx_it.o(.text.HardFault_Handler)
    LoRa_BurstWrite                          0x080026c5   Thumb Code    88  lora.o(.text.LoRa_BurstWrite)
    LoRa_gotoMode                            0x0800271d   Thumb Code    90  lora.o(.text.LoRa_gotoMode)
    LoRa_init                                0x08002779   Thumb Code   220  lora.o(.text.LoRa_init)
    LoRa_read                                0x08002855   Thumb Code    34  lora.o(.text.LoRa_read)
    LoRa_readReg                             0x08002877   Thumb Code    84  lora.o(.text.LoRa_readReg)
    LoRa_receive_interrupt                   0x080028cb   Thumb Code    90  my_lora.o(.text.LoRa_receive_interrupt)
    LoRa_setAutoLDO                          0x08002925   Thumb Code    64  lora.o(.text.LoRa_setAutoLDO)
    LoRa_setFrequency                        0x08002965   Thumb Code    64  lora.o(.text.LoRa_setFrequency)
    LoRa_setLowDaraRateOptimization          0x080029a5   Thumb Code    42  lora.o(.text.LoRa_setLowDaraRateOptimization)
    LoRa_setOCP                              0x080029cf   Thumb Code    56  lora.o(.text.LoRa_setOCP)
    LoRa_setPower                            0x08002a07   Thumb Code    20  lora.o(.text.LoRa_setPower)
    LoRa_setSpreadingFactor                  0x08002a1b   Thumb Code    66  lora.o(.text.LoRa_setSpreadingFactor)
    LoRa_setSyncWord                         0x08002a5d   Thumb Code    20  lora.o(.text.LoRa_setSyncWord)
    LoRa_setTOMsb_setCRCon                   0x08002a71   Thumb Code    32  lora.o(.text.LoRa_setTOMsb_setCRCon)
    LoRa_transmit                            0x08002a91   Thumb Code   126  lora.o(.text.LoRa_transmit)
    LoRa_write                               0x08002b0f   Thumb Code    34  lora.o(.text.LoRa_write)
    LoRa_writeReg                            0x08002b31   Thumb Code    84  lora.o(.text.LoRa_writeReg)
    MX_GPIO_Init                             0x08002b85   Thumb Code   228  gpio.o(.text.MX_GPIO_Init)
    MX_I2C1_Init                             0x08002c69   Thumb Code    60  i2c.o(.text.MX_I2C1_Init)
    MX_RTC_Init                              0x08002ca5   Thumb Code    96  rtc.o(.text.MX_RTC_Init)
    MX_SPI1_Init                             0x08002d05   Thumb Code    68  spi.o(.text.MX_SPI1_Init)
    MemManage_Handler                        0x08002d49   Thumb Code     2  stm32f1xx_it.o(.text.MemManage_Handler)
    NMI_Handler                              0x08002d4b   Thumb Code     2  stm32f1xx_it.o(.text.NMI_Handler)
    PendSV_Handler                           0x08002d4d   Thumb Code     2  stm32f1xx_it.o(.text.PendSV_Handler)
    RTC_Alarm_IRQHandler                     0x08002d51   Thumb Code    12  stm32f1xx_it.o(.text.RTC_Alarm_IRQHandler)
    SVC_Handler                              0x08002fed   Thumb Code     2  stm32f1xx_it.o(.text.SVC_Handler)
    SysTick_Handler                          0x08002fef   Thumb Code     4  stm32f1xx_it.o(.text.SysTick_Handler)
    SystemClock_Config                       0x08002ff3   Thumb Code   128  main.o(.text.SystemClock_Config)
    SystemInit                               0x08003073   Thumb Code     2  system_stm32f1xx.o(.text.SystemInit)
    TDMA_Join_network                        0x08003075   Thumb Code   160  my_lora.o(.text.TDMA_Join_network)
    TDMA_Send_Emergency                      0x08003115   Thumb Code    90  my_lora.o(.text.TDMA_Send_Emergency)
    UsageFault_Handler                       0x0800316f   Thumb Code     2  stm32f1xx_it.o(.text.UsageFault_Handler)
    calculate_sleep_seconds                  0x08003195   Thumb Code    32  my_lora.o(.text.calculate_sleep_seconds)
    check_thresholds                         0x080031b5   Thumb Code   112  my_sensor.o(.text.check_thresholds)
    get_current_rtc_time                     0x08003225   Thumb Code    60  my_lora.o(.text.get_current_rtc_time)
    main                                     0x08003261   Thumb Code   504  main.o(.text.main)
    my_lora_init_default                     0x08003459   Thumb Code   124  my_lora.o(.text.my_lora_init_default)
    my_lora_new_device                       0x080034d5   Thumb Code   228  my_lora.o(.text.my_lora_new_device)
    my_lora_transmit_wait_data               0x080035b9   Thumb Code   236  my_lora.o(.text.my_lora_transmit_wait_data)
    my_power_enter_stop_mode                 0x080036a5   Thumb Code    10  my_power.o(.text.my_power_enter_stop_mode)
    newLoRa                                  0x080036b1   Thumb Code    28  lora.o(.text.newLoRa)
    read_sensors                             0x080036cd   Thumb Code    84  my_sensor.o(.text.read_sensors)
    __aeabi_d2f                              0x08003721   Thumb Code     0  d2f.o(x$fpl$d2f)
    _d2f                                     0x08003721   Thumb Code    98  d2f.o(x$fpl$d2f)
    __aeabi_dadd                             0x08003785   Thumb Code     0  daddsub_clz.o(x$fpl$dadd)
    _dadd                                    0x08003785   Thumb Code   332  daddsub_clz.o(x$fpl$dadd)
    __aeabi_ddiv                             0x080038d5   Thumb Code     0  ddiv.o(x$fpl$ddiv)
    _ddiv                                    0x080038d5   Thumb Code   552  ddiv.o(x$fpl$ddiv)
    __aeabi_d2iz                             0x08003b85   Thumb Code     0  dfix.o(x$fpl$dfix)
    _dfix                                    0x08003b85   Thumb Code    94  dfix.o(x$fpl$dfix)
    __aeabi_i2d                              0x08003be3   Thumb Code     0  dflt_clz.o(x$fpl$dflt)
    _dflt                                    0x08003be3   Thumb Code    46  dflt_clz.o(x$fpl$dflt)
    __aeabi_ui2d                             0x08003c11   Thumb Code     0  dflt_clz.o(x$fpl$dfltu)
    _dfltu                                   0x08003c11   Thumb Code    38  dflt_clz.o(x$fpl$dfltu)
    __aeabi_dmul                             0x08003c39   Thumb Code     0  dmul.o(x$fpl$dmul)
    _dmul                                    0x08003c39   Thumb Code   332  dmul.o(x$fpl$dmul)
    __fpl_dnaninf                            0x08003d8d   Thumb Code   156  dnaninf.o(x$fpl$dnaninf)
    __fpl_dretinf                            0x08003e29   Thumb Code    12  dretinf.o(x$fpl$dretinf)
    __aeabi_dsub                             0x08003e35   Thumb Code     0  daddsub_clz.o(x$fpl$dsub)
    _dsub                                    0x08003e35   Thumb Code   464  daddsub_clz.o(x$fpl$dsub)
    __aeabi_f2iz                             0x08004009   Thumb Code     0  ffix.o(x$fpl$ffix)
    _ffix                                    0x08004009   Thumb Code    54  ffix.o(x$fpl$ffix)
    __aeabi_fmul                             0x08004041   Thumb Code     0  fmul.o(x$fpl$fmul)
    _fmul                                    0x08004041   Thumb Code   258  fmul.o(x$fpl$fmul)
    __fpl_fnaninf                            0x08004143   Thumb Code   140  fnaninf.o(x$fpl$fnaninf)
    __fpl_fretinf                            0x080041cf   Thumb Code    10  fretinf.o(x$fpl$fretinf)
    __I$use$fp                               0x080041d8   Number         0  usenofp.o(x$fpl$usenofp)
    AHBPrescTable                            0x08004228   Data          16  system_stm32f1xx.o(.rodata.AHBPrescTable)
    APBPrescTable                            0x08004238   Data           8  system_stm32f1xx.o(.rodata.APBPrescTable)
    Region$$Table$$Base                      0x08004240   Number         0  anon$$obj.o(Region$$Table)
    Region$$Table$$Limit                     0x08004260   Number         0  anon$$obj.o(Region$$Table)
    uwTickFreq                               0x20000000   Data           1  stm32f1xx_hal.o(.data..L_MergedGlobals)
    uwTickPrio                               0x20000004   Data           4  stm32f1xx_hal.o(.data..L_MergedGlobals)
    HUMIDITY_AIR_HIGH                        0x20000008   Data           1  main.o(.data.HUMIDITY_AIR_HIGH)
    HUMIDITY_AIR_LOW                         0x20000009   Data           1  main.o(.data.HUMIDITY_AIR_LOW)
    HUMIDITY_SOIL_HIGH                       0x2000000a   Data           1  main.o(.data.HUMIDITY_SOIL_HIGH)
    HUMIDITY_SOIL_LOW                        0x2000000b   Data           1  main.o(.data.HUMIDITY_SOIL_LOW)
    SystemCoreClock                          0x2000000c   Data           4  system_stm32f1xx.o(.data.SystemCoreClock)
    TEMP_THRESHOLD_HIGH                      0x20000010   Data           1  main.o(.data.TEMP_THRESHOLD_HIGH)
    Time_Interval                            0x20000012   Data           2  main.o(.data.Time_Interval)
    _random_number_data                      0x20000018   Data         228  rand.o(.bss)
    __libspace_start                         0x200000fc   Data          96  libspace.o(.bss)
    __temporary_stack_top$libspace           0x2000015c   Data           0  libspace.o(.bss)
    isJoined                                 0x2000015c   Data           1  main.o(.bss..L_MergedGlobals)
    check                                    0x2000015d   Data           1  main.o(.bss..L_MergedGlobals)
    type_of_trans_check                      0x2000015e   Data           1  main.o(.bss..L_MergedGlobals)
    time_remaining_ms                        0x20000160   Data           4  main.o(.bss..L_MergedGlobals)
    testData                                 0x20000164   Data          10  main.o(.bss..L_MergedGlobals)
    LoRa_Rx_Flag                             0x20000170   Data           1  my_lora.o(.bss..L_MergedGlobals)
    current_time_in_gateway                  0x20000174   Data           4  my_lora.o(.bss..L_MergedGlobals)
    myLoRa                                   0x20000178   Data          44  my_lora.o(.bss..L_MergedGlobals)
    TEMP_THRESHOLD_LOW                       0x200001a4   Data           1  main.o(.bss.TEMP_THRESHOLD_LOW)
    hi2c1                                    0x200001a8   Data          84  i2c.o(.bss.hi2c1)
    hrtc                                     0x200001fc   Data          20  rtc.o(.bss.hrtc)
    hspi1                                    0x20000210   Data          88  spi.o(.bss.hspi1)
    uwTick                                   0x20000268   Data           4  stm32f1xx_hal.o(.bss.uwTick)



==============================================================================

Memory Map of the image

  Image Entry point : 0x080000ed

  Load Region LR_IROM1 (Base: 0x08000000, Size: 0x00004278, Max: 0x00010000, ABSOLUTE)

    Execution Region ER_IROM1 (Exec base: 0x08000000, Load base: 0x08000000, Size: 0x00004260, Max: 0x00010000, ABSOLUTE)

    Exec Addr    Load Addr    Size         Type   Attr      Idx    E Section Name        Object

    0x08000000   0x08000000   0x000000ec   Data   RO            3    RESET               startup_stm32f103xb.o
    0x080000ec   0x080000ec   0x00000008   Code   RO          994  * !!!main             c_w.l(__main.o)
    0x080000f4   0x080000f4   0x00000034   Code   RO         1198    !!!scatter          c_w.l(__scatter.o)
    0x08000128   0x08000128   0x0000001a   Code   RO         1200    !!handler_copy      c_w.l(__scatter_copy.o)
    0x08000142   0x08000142   0x00000002   PAD
    0x08000144   0x08000144   0x0000001c   Code   RO         1202    !!handler_zi        c_w.l(__scatter_zi.o)
    0x08000160   0x08000160   0x00000002   Code   RO         1115    .ARM.Collect$$libinit$$00000000  c_w.l(libinit.o)
    0x08000162   0x08000162   0x00000000   Code   RO         1030    .ARM.Collect$$libinit$$00000002  c_w.l(libinit2.o)
    0x08000162   0x08000162   0x00000000   Code   RO         1032    .ARM.Collect$$libinit$$00000004  c_w.l(libinit2.o)
    0x08000162   0x08000162   0x00000000   Code   RO         1035    .ARM.Collect$$libinit$$0000000A  c_w.l(libinit2.o)
    0x08000162   0x08000162   0x00000000   Code   RO         1037    .ARM.Collect$$libinit$$0000000C  c_w.l(libinit2.o)
    0x08000162   0x08000162   0x00000004   Code   RO         1038    .ARM.Collect$$libinit$$0000000D  c_w.l(libinit2.o)
    0x08000166   0x08000166   0x00000000   Code   RO         1039    .ARM.Collect$$libinit$$0000000E  c_w.l(libinit2.o)
    0x08000166   0x08000166   0x00000000   Code   RO         1042    .ARM.Collect$$libinit$$00000011  c_w.l(libinit2.o)
    0x08000166   0x08000166   0x00000000   Code   RO         1044    .ARM.Collect$$libinit$$00000013  c_w.l(libinit2.o)
    0x08000166   0x08000166   0x00000000   Code   RO         1046    .ARM.Collect$$libinit$$00000015  c_w.l(libinit2.o)
    0x08000166   0x08000166   0x00000000   Code   RO         1048    .ARM.Collect$$libinit$$00000017  c_w.l(libinit2.o)
    0x08000166   0x08000166   0x00000000   Code   RO         1050    .ARM.Collect$$libinit$$00000019  c_w.l(libinit2.o)
    0x08000166   0x08000166   0x00000000   Code   RO         1052    .ARM.Collect$$libinit$$0000001B  c_w.l(libinit2.o)
    0x08000166   0x08000166   0x00000000   Code   RO         1054    .ARM.Collect$$libinit$$0000001D  c_w.l(libinit2.o)
    0x08000166   0x08000166   0x00000000   Code   RO         1056    .ARM.Collect$$libinit$$0000001F  c_w.l(libinit2.o)
    0x08000166   0x08000166   0x00000000   Code   RO         1058    .ARM.Collect$$libinit$$00000021  c_w.l(libinit2.o)
    0x08000166   0x08000166   0x00000000   Code   RO         1060    .ARM.Collect$$libinit$$00000023  c_w.l(libinit2.o)
    0x08000166   0x08000166   0x00000000   Code   RO         1062    .ARM.Collect$$libinit$$00000025  c_w.l(libinit2.o)
    0x08000166   0x08000166   0x00000000   Code   RO         1066    .ARM.Collect$$libinit$$0000002C  c_w.l(libinit2.o)
    0x08000166   0x08000166   0x00000000   Code   RO         1068    .ARM.Collect$$libinit$$0000002E  c_w.l(libinit2.o)
    0x08000166   0x08000166   0x00000000   Code   RO         1070    .ARM.Collect$$libinit$$00000030  c_w.l(libinit2.o)
    0x08000166   0x08000166   0x00000000   Code   RO         1072    .ARM.Collect$$libinit$$00000032  c_w.l(libinit2.o)
    0x08000166   0x08000166   0x00000002   Code   RO         1073    .ARM.Collect$$libinit$$00000033  c_w.l(libinit2.o)
    0x08000168   0x08000168   0x00000002   Code   RO         1157    .ARM.Collect$$libshutdown$$00000000  c_w.l(libshutdown.o)
    0x0800016a   0x0800016a   0x00000000   Code   RO         1165    .ARM.Collect$$libshutdown$$00000002  c_w.l(libshutdown2.o)
    0x0800016a   0x0800016a   0x00000000   Code   RO         1167    .ARM.Collect$$libshutdown$$00000004  c_w.l(libshutdown2.o)
    0x0800016a   0x0800016a   0x00000000   Code   RO         1170    .ARM.Collect$$libshutdown$$00000007  c_w.l(libshutdown2.o)
    0x0800016a   0x0800016a   0x00000000   Code   RO         1173    .ARM.Collect$$libshutdown$$0000000A  c_w.l(libshutdown2.o)
    0x0800016a   0x0800016a   0x00000000   Code   RO         1175    .ARM.Collect$$libshutdown$$0000000C  c_w.l(libshutdown2.o)
    0x0800016a   0x0800016a   0x00000000   Code   RO         1178    .ARM.Collect$$libshutdown$$0000000F  c_w.l(libshutdown2.o)
    0x0800016a   0x0800016a   0x00000002   Code   RO         1179    .ARM.Collect$$libshutdown$$00000010  c_w.l(libshutdown2.o)
    0x0800016c   0x0800016c   0x00000000   Code   RO         1026    .ARM.Collect$$rtentry$$00000000  c_w.l(__rtentry.o)
    0x0800016c   0x0800016c   0x00000000   Code   RO         1084    .ARM.Collect$$rtentry$$00000002  c_w.l(__rtentry2.o)
    0x0800016c   0x0800016c   0x00000006   Code   RO         1096    .ARM.Collect$$rtentry$$00000004  c_w.l(__rtentry4.o)
    0x08000172   0x08000172   0x00000000   Code   RO         1086    .ARM.Collect$$rtentry$$00000009  c_w.l(__rtentry2.o)
    0x08000172   0x08000172   0x00000004   Code   RO         1087    .ARM.Collect$$rtentry$$0000000A  c_w.l(__rtentry2.o)
    0x08000176   0x08000176   0x00000000   Code   RO         1089    .ARM.Collect$$rtentry$$0000000C  c_w.l(__rtentry2.o)
    0x08000176   0x08000176   0x00000008   Code   RO         1090    .ARM.Collect$$rtentry$$0000000D  c_w.l(__rtentry2.o)
    0x0800017e   0x0800017e   0x00000002   Code   RO         1123    .ARM.Collect$$rtexit$$00000000  c_w.l(rtexit.o)
    0x08000180   0x08000180   0x00000000   Code   RO         1135    .ARM.Collect$$rtexit$$00000002  c_w.l(rtexit2.o)
    0x08000180   0x08000180   0x00000004   Code   RO         1136    .ARM.Collect$$rtexit$$00000003  c_w.l(rtexit2.o)
    0x08000184   0x08000184   0x00000006   Code   RO         1137    .ARM.Collect$$rtexit$$00000004  c_w.l(rtexit2.o)
    0x0800018a   0x0800018a   0x00000002   PAD
    0x0800018c   0x0800018c   0x00000034   Code   RO          983    .emb_text           c_w.l(rand.o)
    0x080001c0   0x080001c0   0x00000040   Code   RO            4    .text               startup_stm32f103xb.o
    0x08000200   0x08000200   0x0000003c   Code   RO          984    .text               c_w.l(rand.o)
    0x0800023c   0x0800023c   0x0000008a   Code   RO          988    .text               c_w.l(rt_memcpy_v6.o)
    0x080002c6   0x080002c6   0x0000004e   Code   RO          990    .text               c_w.l(rt_memclr_w.o)
    0x08000314   0x08000314   0x00000006   Code   RO          992    .text               c_w.l(heapauxi.o)
    0x0800031a   0x0800031a   0x00000064   Code   RO         1027    .text               c_w.l(rt_memcpy_w.o)
    0x0800037e   0x0800037e   0x0000004a   Code   RO         1102    .text               c_w.l(sys_stackheap_outer.o)
    0x080003c8   0x080003c8   0x00000012   Code   RO         1104    .text               c_w.l(exit.o)
    0x080003da   0x080003da   0x00000002   PAD
    0x080003dc   0x080003dc   0x00000008   Code   RO         1120    .text               c_w.l(libspace.o)
    0x080003e4   0x080003e4   0x00000002   Code   RO         1131    .text               c_w.l(use_no_semi.o)
    0x080003e6   0x080003e6   0x00000000   Code   RO         1133    .text               c_w.l(indicate_semi.o)
    0x080003e6   0x080003e6   0x00000002   PAD
    0x080003e8   0x080003e8   0x0000000c   Code   RO         1147    .text               c_w.l(sys_exit.o)
    0x080003f4   0x080003f4   0x00000128   Code   RO          911    .text.AHT20_Read    my_sensor.o
    0x0800051c   0x0800051c   0x00000002   Code   RO          103    .text.BusFault_Handler  stm32f1xx_it.o
    0x0800051e   0x0800051e   0x00000002   Code   RO          109    .text.DebugMon_Handler  stm32f1xx_it.o
    0x08000520   0x08000520   0x00000006   Code   RO          115    .text.EXTI0_IRQHandler  stm32f1xx_it.o
    0x08000526   0x08000526   0x00000008   Code   RO           15    .text.Error_Handler  main.o
    0x0800052e   0x0800052e   0x00000002   PAD
    0x08000530   0x08000530   0x00000024   Code   RO          305    .text.HAL_Delay     stm32f1xx_hal.o
    0x08000554   0x08000554   0x00000010   Code   RO           17    .text.HAL_GPIO_EXTI_Callback  main.o
    0x08000564   0x08000564   0x00000014   Code   RO          410    .text.HAL_GPIO_EXTI_IRQHandler  stm32f1xx_hal_gpio.o
    0x08000578   0x08000578   0x000001a0   Code   RO          398    .text.HAL_GPIO_Init  stm32f1xx_hal_gpio.o
    0x08000718   0x08000718   0x00000010   Code   RO          406    .text.HAL_GPIO_TogglePin  stm32f1xx_hal_gpio.o
    0x08000728   0x08000728   0x0000000a   Code   RO          404    .text.HAL_GPIO_WritePin  stm32f1xx_hal_gpio.o
    0x08000732   0x08000732   0x00000002   PAD
    0x08000734   0x08000734   0x0000000c   Code   RO          297    .text.HAL_GetTick   stm32f1xx_hal.o
    0x08000740   0x08000740   0x00000178   Code   RO          152    .text.HAL_I2C_Init  stm32f1xx_hal_i2c.o
    0x080008b8   0x080008b8   0x00000374   Code   RO          168    .text.HAL_I2C_Master_Receive  stm32f1xx_hal_i2c.o
    0x08000c2c   0x08000c2c   0x000001a0   Code   RO          160    .text.HAL_I2C_Master_Transmit  stm32f1xx_hal_i2c.o
    0x08000dcc   0x08000dcc   0x000002ac   Code   RO          200    .text.HAL_I2C_Mem_Read  stm32f1xx_hal_i2c.o
    0x08001078   0x08001078   0x0000005c   Code   RO           51    .text.HAL_I2C_MspInit  i2c.o
    0x080010d4   0x080010d4   0x00000014   Code   RO          295    .text.HAL_IncTick   stm32f1xx_hal.o
    0x080010e8   0x080010e8   0x00000024   Code   RO          285    .text.HAL_Init      stm32f1xx_hal.o
    0x0800110c   0x0800110c   0x0000003c   Code   RO          287    .text.HAL_InitTick  stm32f1xx_hal.o
    0x08001148   0x08001148   0x00000040   Code   RO          127    .text.HAL_MspInit   stm32f1xx_hal_msp.o
    0x08001188   0x08001188   0x0000001c   Code   RO          464    .text.HAL_NVIC_EnableIRQ  stm32f1xx_hal_cortex.o
    0x080011a4   0x080011a4   0x00000038   Code   RO          460    .text.HAL_NVIC_SetPriority  stm32f1xx_hal_cortex.o
    0x080011dc   0x080011dc   0x00000020   Code   RO          458    .text.HAL_NVIC_SetPriorityGrouping  stm32f1xx_hal_cortex.o
    0x080011fc   0x080011fc   0x0000000c   Code   RO          503    .text.HAL_PWR_EnableBkUpAccess  stm32f1xx_hal_pwr.o
    0x08001208   0x08001208   0x000000bc   Code   RO          387    .text.HAL_RCCEx_GetPeriphCLKFreq  stm32f1xx_hal_rcc_ex.o
    0x080012c4   0x080012c4   0x000000f0   Code   RO          383    .text.HAL_RCCEx_PeriphCLKConfig  stm32f1xx_hal_rcc_ex.o
    0x080013b4   0x080013b4   0x00000140   Code   RO          350    .text.HAL_RCC_ClockConfig  stm32f1xx_hal_rcc.o
    0x080014f4   0x080014f4   0x00000014   Code   RO          362    .text.HAL_RCC_GetPCLK1Freq  stm32f1xx_hal_rcc.o
    0x08001508   0x08001508   0x00000018   Code   RO          364    .text.HAL_RCC_GetPCLK2Freq  stm32f1xx_hal_rcc.o
    0x08001520   0x08001520   0x00000054   Code   RO          352    .text.HAL_RCC_GetSysClockFreq  stm32f1xx_hal_rcc.o
    0x08001574   0x08001574   0x00000330   Code   RO          348    .text.HAL_RCC_OscConfig  stm32f1xx_hal_rcc.o
    0x080018a4   0x080018a4   0x00000002   Code   RO           19    .text.HAL_RTC_AlarmAEventCallback  main.o
    0x080018a6   0x080018a6   0x00000002   PAD
    0x080018a8   0x080018a8   0x00000038   Code   RO          676    .text.HAL_RTC_AlarmIRQHandler  stm32f1xx_hal_rtc.o
    0x080018e0   0x080018e0   0x0000005c   Code   RO          666    .text.HAL_RTC_GetDate  stm32f1xx_hal_rtc.o
    0x0800193c   0x0800193c   0x00000184   Code   RO          656    .text.HAL_RTC_GetTime  stm32f1xx_hal_rtc.o
    0x08001ac0   0x08001ac0   0x00000094   Code   RO          636    .text.HAL_RTC_Init  stm32f1xx_hal_rtc.o
    0x08001b54   0x08001b54   0x0000004c   Code   RO           67    .text.HAL_RTC_MspInit  rtc.o
    0x08001ba0   0x08001ba0   0x000000c4   Code   RO          662    .text.HAL_RTC_SetDate  stm32f1xx_hal_rtc.o
    0x08001c64   0x08001c64   0x000000c8   Code   RO          650    .text.HAL_RTC_SetTime  stm32f1xx_hal_rtc.o
    0x08001d2c   0x08001d2c   0x00000036   Code   RO          640    .text.HAL_RTC_WaitForSynchro  stm32f1xx_hal_rtc.o
    0x08001d62   0x08001d62   0x00000006   Code   RO          828    .text.HAL_SPI_GetState  stm32f1xx_hal_spi.o
    0x08001d68   0x08001d68   0x000000b2   Code   RO          730    .text.HAL_SPI_Init  stm32f1xx_hal_spi.o
    0x08001e1a   0x08001e1a   0x00000002   PAD
    0x08001e1c   0x08001e1c   0x00000074   Code   RO           83    .text.HAL_SPI_MspInit  spi.o
    0x08001e90   0x08001e90   0x00000144   Code   RO          742    .text.HAL_SPI_Receive  stm32f1xx_hal_spi.o
    0x08001fd4   0x08001fd4   0x0000016e   Code   RO          738    .text.HAL_SPI_Transmit  stm32f1xx_hal_spi.o
    0x08002142   0x08002142   0x000001e4   Code   RO          744    .text.HAL_SPI_TransmitReceive  stm32f1xx_hal_spi.o
    0x08002326   0x08002326   0x00000002   PAD
    0x08002328   0x08002328   0x00000028   Code   RO          472    .text.HAL_SYSTICK_Config  stm32f1xx_hal_cortex.o
    0x08002350   0x08002350   0x00000002   Code   RO           99    .text.HardFault_Handler  stm32f1xx_it.o
    0x08002352   0x08002352   0x00000030   Code   RO          274    .text.I2C_IsAcknowledgeFailed  stm32f1xx_hal_i2c.o
    0x08002382   0x08002382   0x00000002   PAD
    0x08002384   0x08002384   0x00000104   Code   RO          202    .text.I2C_RequestMemoryRead  stm32f1xx_hal_i2c.o
    0x08002488   0x08002488   0x00000054   Code   RO          166    .text.I2C_WaitOnBTFFlagUntilTimeout  stm32f1xx_hal_i2c.o
    0x080024dc   0x080024dc   0x0000008e   Code   RO          162    .text.I2C_WaitOnFlagUntilTimeout  stm32f1xx_hal_i2c.o
    0x0800256a   0x0800256a   0x000000a0   Code   RO          272    .text.I2C_WaitOnMasterAddressFlagUntilTimeout  stm32f1xx_hal_i2c.o
    0x0800260a   0x0800260a   0x00000066   Code   RO          170    .text.I2C_WaitOnRXNEFlagUntilTimeout  stm32f1xx_hal_i2c.o
    0x08002670   0x08002670   0x00000054   Code   RO          164    .text.I2C_WaitOnTXEFlagUntilTimeout  stm32f1xx_hal_i2c.o
    0x080026c4   0x080026c4   0x00000058   Code   RO          956    .text.LoRa_BurstWrite  lora.o
    0x0800271c   0x0800271c   0x0000005a   Code   RO          930    .text.LoRa_gotoMode  lora.o
    0x08002776   0x08002776   0x00000002   PAD
    0x08002778   0x08002778   0x000000dc   Code   RO          968    .text.LoRa_init     lora.o
    0x08002854   0x08002854   0x00000022   Code   RO          932    .text.LoRa_read     lora.o
    0x08002876   0x08002876   0x00000054   Code   RO          936    .text.LoRa_readReg  lora.o
    0x080028ca   0x080028ca   0x0000005a   Code   RO          867    .text.LoRa_receive_interrupt  my_lora.o
    0x08002924   0x08002924   0x00000040   Code   RO          942    .text.LoRa_setAutoLDO  lora.o
    0x08002964   0x08002964   0x00000040   Code   RO          944    .text.LoRa_setFrequency  lora.o
    0x080029a4   0x080029a4   0x0000002a   Code   RO          940    .text.LoRa_setLowDaraRateOptimization  lora.o
    0x080029ce   0x080029ce   0x00000038   Code   RO          950    .text.LoRa_setOCP   lora.o
    0x08002a06   0x08002a06   0x00000014   Code   RO          948    .text.LoRa_setPower  lora.o
    0x08002a1a   0x08002a1a   0x00000042   Code   RO          946    .text.LoRa_setSpreadingFactor  lora.o
    0x08002a5c   0x08002a5c   0x00000014   Code   RO          954    .text.LoRa_setSyncWord  lora.o
    0x08002a70   0x08002a70   0x00000020   Code   RO          952    .text.LoRa_setTOMsb_setCRCon  lora.o
    0x08002a90   0x08002a90   0x0000007e   Code   RO          960    .text.LoRa_transmit  lora.o
    0x08002b0e   0x08002b0e   0x00000022   Code   RO          934    .text.LoRa_write    lora.o
    0x08002b30   0x08002b30   0x00000054   Code   RO          938    .text.LoRa_writeReg  lora.o
    0x08002b84   0x08002b84   0x000000e4   Code   RO           39    .text.MX_GPIO_Init  gpio.o
    0x08002c68   0x08002c68   0x0000003c   Code   RO           49    .text.MX_I2C1_Init  i2c.o
    0x08002ca4   0x08002ca4   0x00000060   Code   RO           65    .text.MX_RTC_Init   rtc.o
    0x08002d04   0x08002d04   0x00000044   Code   RO           81    .text.MX_SPI1_Init  spi.o
    0x08002d48   0x08002d48   0x00000002   Code   RO          101    .text.MemManage_Handler  stm32f1xx_it.o
    0x08002d4a   0x08002d4a   0x00000002   Code   RO           97    .text.NMI_Handler   stm32f1xx_it.o
    0x08002d4c   0x08002d4c   0x00000002   Code   RO          111    .text.PendSV_Handler  stm32f1xx_it.o
    0x08002d4e   0x08002d4e   0x00000002   PAD
    0x08002d50   0x08002d50   0x0000000c   Code   RO          117    .text.RTC_Alarm_IRQHandler  stm32f1xx_it.o
    0x08002d5c   0x08002d5c   0x00000028   Code   RO          660    .text.RTC_ByteToBcd2  stm32f1xx_hal_rtc.o
    0x08002d84   0x08002d84   0x0000002e   Code   RO          642    .text.RTC_EnterInitMode  stm32f1xx_hal_rtc.o
    0x08002db2   0x08002db2   0x00000030   Code   RO          644    .text.RTC_ExitInitMode  stm32f1xx_hal_rtc.o
    0x08002de2   0x08002de2   0x0000001e   Code   RO          658    .text.RTC_ReadTimeCounter  stm32f1xx_hal_rtc.o
    0x08002e00   0x08002e00   0x00000052   Code   RO          664    .text.RTC_WeekDayNum  stm32f1xx_hal_rtc.o
    0x08002e52   0x08002e52   0x00000028   Code   RO          654    .text.RTC_WriteAlarmCounter  stm32f1xx_hal_rtc.o
    0x08002e7a   0x08002e7a   0x00000028   Code   RO          652    .text.RTC_WriteTimeCounter  stm32f1xx_hal_rtc.o
    0x08002ea2   0x08002ea2   0x00000054   Code   RO          746    .text.SPI_EndRxTransaction  stm32f1xx_hal_spi.o
    0x08002ef6   0x08002ef6   0x00000036   Code   RO          740    .text.SPI_EndRxTxTransaction  stm32f1xx_hal_spi.o
    0x08002f2c   0x08002f2c   0x000000c0   Code   RO          838    .text.SPI_WaitFlagStateUntilTimeout  stm32f1xx_hal_spi.o
    0x08002fec   0x08002fec   0x00000002   Code   RO          107    .text.SVC_Handler   stm32f1xx_it.o
    0x08002fee   0x08002fee   0x00000004   Code   RO          113    .text.SysTick_Handler  stm32f1xx_it.o
    0x08002ff2   0x08002ff2   0x00000080   Code   RO           13    .text.SystemClock_Config  main.o
    0x08003072   0x08003072   0x00000002   Code   RO          851    .text.SystemInit    system_stm32f1xx.o
    0x08003074   0x08003074   0x000000a0   Code   RO          881    .text.TDMA_Join_network  my_lora.o
    0x08003114   0x08003114   0x0000005a   Code   RO          879    .text.TDMA_Send_Emergency  my_lora.o
    0x0800316e   0x0800316e   0x00000002   Code   RO          105    .text.UsageFault_Handler  stm32f1xx_it.o
    0x08003170   0x08003170   0x00000024   Code   RO          462    .text.__NVIC_SetPriority  stm32f1xx_hal_cortex.o
    0x08003194   0x08003194   0x00000020   Code   RO          875    .text.calculate_sleep_seconds  my_lora.o
    0x080031b4   0x080031b4   0x00000070   Code   RO          915    .text.check_thresholds  my_sensor.o
    0x08003224   0x08003224   0x0000003c   Code   RO          877    .text.get_current_rtc_time  my_lora.o
    0x08003260   0x08003260   0x000001f8   Code   RO           11    .text.main          main.o
    0x08003458   0x08003458   0x0000007c   Code   RO          869    .text.my_lora_init_default  my_lora.o
    0x080034d4   0x080034d4   0x000000e4   Code   RO          873    .text.my_lora_new_device  my_lora.o
    0x080035b8   0x080035b8   0x000000ec   Code   RO          871    .text.my_lora_transmit_wait_data  my_lora.o
    0x080036a4   0x080036a4   0x0000000a   Code   RO          893    .text.my_power_enter_stop_mode  my_power.o
    0x080036ae   0x080036ae   0x00000002   PAD
    0x080036b0   0x080036b0   0x0000001c   Code   RO          926    .text.newLoRa       lora.o
    0x080036cc   0x080036cc   0x00000054   Code   RO          913    .text.read_sensors  my_sensor.o
    0x08003720   0x08003720   0x00000062   Code   RO          996    x$fpl$d2f           fz_ws.l(d2f.o)
    0x08003782   0x08003782   0x00000002   PAD
    0x08003784   0x08003784   0x00000150   Code   RO          998    x$fpl$dadd          fz_ws.l(daddsub_clz.o)
    0x080038d4   0x080038d4   0x000002b0   Code   RO         1005    x$fpl$ddiv          fz_ws.l(ddiv.o)
    0x08003b84   0x08003b84   0x0000005e   Code   RO         1008    x$fpl$dfix          fz_ws.l(dfix.o)
    0x08003be2   0x08003be2   0x0000002e   Code   RO         1013    x$fpl$dflt          fz_ws.l(dflt_clz.o)
    0x08003c10   0x08003c10   0x00000026   Code   RO         1012    x$fpl$dfltu         fz_ws.l(dflt_clz.o)
    0x08003c36   0x08003c36   0x00000002   PAD
    0x08003c38   0x08003c38   0x00000154   Code   RO         1018    x$fpl$dmul          fz_ws.l(dmul.o)
    0x08003d8c   0x08003d8c   0x0000009c   Code   RO         1074    x$fpl$dnaninf       fz_ws.l(dnaninf.o)
    0x08003e28   0x08003e28   0x0000000c   Code   RO         1076    x$fpl$dretinf       fz_ws.l(dretinf.o)
    0x08003e34   0x08003e34   0x000001d4   Code   RO         1000    x$fpl$dsub          fz_ws.l(daddsub_clz.o)
    0x08004008   0x08004008   0x00000036   Code   RO         1020    x$fpl$ffix          fz_ws.l(ffix.o)
    0x0800403e   0x0800403e   0x00000002   PAD
    0x08004040   0x08004040   0x00000102   Code   RO         1024    x$fpl$fmul          fz_ws.l(fmul.o)
    0x08004142   0x08004142   0x0000008c   Code   RO         1078    x$fpl$fnaninf       fz_ws.l(fnaninf.o)
    0x080041ce   0x080041ce   0x0000000a   Code   RO         1080    x$fpl$fretinf       fz_ws.l(fretinf.o)
    0x080041d8   0x080041d8   0x00000000   Code   RO         1082    x$fpl$usenofp       fz_ws.l(usenofp.o)
    0x080041d8   0x080041d8   0x00000050   Data   RO          970    .rodata..L__const.LoRa_setAutoLDO.BW  lora.o
    0x08004228   0x08004228   0x00000010   Data   RO          856    .rodata.AHBPrescTable  system_stm32f1xx.o
    0x08004238   0x08004238   0x00000008   Data   RO          857    .rodata.APBPrescTable  system_stm32f1xx.o
    0x08004240   0x08004240   0x00000020   Data   RO         1197    Region$$Table       anon$$obj.o


    Execution Region RW_IRAM1 (Exec base: 0x20000000, Load base: 0x08004260, Size: 0x00000870, Max: 0x00005000, ABSOLUTE)

    Exec Addr    Load Addr    Size         Type   Attr      Idx    E Section Name        Object

    0x20000000   0x08004260   0x00000008   Data   RW          336    .data..L_MergedGlobals  stm32f1xx_hal.o
    0x20000008   0x08004268   0x00000001   Data   RW           23    .data.HUMIDITY_AIR_HIGH  main.o
    0x20000009   0x08004269   0x00000001   Data   RW           24    .data.HUMIDITY_AIR_LOW  main.o
    0x2000000a   0x0800426a   0x00000001   Data   RW           25    .data.HUMIDITY_SOIL_HIGH  main.o
    0x2000000b   0x0800426b   0x00000001   Data   RW           26    .data.HUMIDITY_SOIL_LOW  main.o
    0x2000000c   0x0800426c   0x00000004   Data   RW          855    .data.SystemCoreClock  system_stm32f1xx.o
    0x20000010   0x08004270   0x00000001   Data   RW           21    .data.TEMP_THRESHOLD_HIGH  main.o
    0x20000011   0x08004271   0x00000001   PAD
    0x20000012   0x08004272   0x00000002   Data   RW           27    .data.Time_Interval  main.o
    0x20000014   0x08004274   0x00000004   PAD
    0x20000018        -       0x000000e4   Zero   RW          985    .bss                c_w.l(rand.o)
    0x200000fc        -       0x00000060   Zero   RW         1121    .bss                c_w.l(libspace.o)
    0x2000015c        -       0x00000012   Zero   RW           29    .bss..L_MergedGlobals  main.o
    0x2000016e   0x08004274   0x00000002   PAD
    0x20000170        -       0x00000034   Zero   RW          883    .bss..L_MergedGlobals  my_lora.o
    0x200001a4        -       0x00000001   Zero   RW           22    .bss.TEMP_THRESHOLD_LOW  main.o
    0x200001a5   0x08004274   0x00000003   PAD
    0x200001a8        -       0x00000054   Zero   RW           55    .bss.hi2c1          i2c.o
    0x200001fc        -       0x00000014   Zero   RW           71    .bss.hrtc           rtc.o
    0x20000210        -       0x00000058   Zero   RW           87    .bss.hspi1          spi.o
    0x20000268        -       0x00000004   Zero   RW          335    .bss.uwTick         stm32f1xx_hal.o
    0x2000026c   0x08004274   0x00000004   PAD
    0x20000270        -       0x00000200   Zero   RW            2    HEAP                startup_stm32f103xb.o
    0x20000470        -       0x00000400   Zero   RW            1    STACK               startup_stm32f103xb.o


==============================================================================

Image component sizes


      Code (inc. data)   RO Data    RW Data    ZI Data      Debug   Object Name

       228         20          0          0          0       2670   gpio.o
       152         16          0          0         84       4275   i2c.o
      1152         28         80          0          0       9813   lora.o
       658         16          0          7         19       4724   main.o
      1020         72          0          0         52       7318   my_lora.o
        10          0          0          0          0        527   my_power.o
       492         36          0          0          0       2190   my_sensor.o
       172         20          0          0         20       3597   rtc.o
       184         16          0          0         88       4119   spi.o
        64         26        236          0       1536        788   startup_stm32f103xb.o
       164         20          0          8          4       5769   stm32f1xx_hal.o
       192         28          0          0          0       7963   stm32f1xx_hal_cortex.o
       462         60          0          0          0       4425   stm32f1xx_hal_gpio.o
      3240         44          0          0          0      36927   stm32f1xx_hal_i2c.o
        64          8          0          0          0       1187   stm32f1xx_hal_msp.o
        12          4          0          0          0       4129   stm32f1xx_hal_pwr.o
      1264         68          0          0          0       6948   stm32f1xx_hal_rcc.o
       428         32          0          0          0       3368   stm32f1xx_hal_rcc_ex.o
      1460         24          0          0          0      12649   stm32f1xx_hal_rtc.o
      1688          4          0          0          0      18627   stm32f1xx_hal_spi.o
        38          4          0          0          0       1319   stm32f1xx_it.o
         2          0         24          4          0       1527   system_stm32f1xx.o

    ----------------------------------------------------------------------
     13164        546        372         20       1816     144859   Object Totals
         0          0         32          0          0          0   (incl. Generated)
        18          0          0          1         13          0   (incl. Padding)

    ----------------------------------------------------------------------

      Code (inc. data)   RO Data    RW Data    ZI Data      Debug   Library Member Name

         8          0          0          0          0         68   __main.o
         0          0          0          0          0          0   __rtentry.o
        12          0          0          0          0          0   __rtentry2.o
         6          0          0          0          0          0   __rtentry4.o
        52          8          0          0          0          0   __scatter.o
        26          0          0          0          0          0   __scatter_copy.o
        28          0          0          0          0          0   __scatter_zi.o
        18          0          0          0          0         80   exit.o
         6          0          0          0          0        152   heapauxi.o
         0          0          0          0          0          0   indicate_semi.o
         2          0          0          0          0          0   libinit.o
         6          0          0          0          0          0   libinit2.o
         2          0          0          0          0          0   libshutdown.o
         2          0          0          0          0          0   libshutdown2.o
         8          4          0          0         96         68   libspace.o
       112         18          0          0        228        160   rand.o
        78          0          0          0          0         80   rt_memclr_w.o
       138          0          0          0          0         68   rt_memcpy_v6.o
       100          0          0          0          0         80   rt_memcpy_w.o
         2          0          0          0          0          0   rtexit.o
        10          0          0          0          0          0   rtexit2.o
        12          4          0          0          0         68   sys_exit.o
        74          0          0          0          0         80   sys_stackheap_outer.o
         2          0          0          0          0         68   use_no_semi.o
        98          4          0          0          0         92   d2f.o
       804         16          0          0          0        280   daddsub_clz.o
       688        140          0          0          0        216   ddiv.o
        94          4          0          0          0         92   dfix.o
        84          0          0          0          0        136   dflt_clz.o
       340         12          0          0          0        104   dmul.o
       156          4          0          0          0         92   dnaninf.o
        12          0          0          0          0         68   dretinf.o
        54          4          0          0          0         84   ffix.o
       258          4          0          0          0         84   fmul.o
       140          4          0          0          0         84   fnaninf.o
        10          0          0          0          0         68   fretinf.o
         0          0          0          0          0          0   usenofp.o

    ----------------------------------------------------------------------
      3456        226          0          0        324       2372   Library Totals
        14          0          0          0          0          0   (incl. Padding)

    ----------------------------------------------------------------------

      Code (inc. data)   RO Data    RW Data    ZI Data      Debug   Library Name

       704         34          0          0        324        972   c_w.l
      2738        192          0          0          0       1400   fz_ws.l

    ----------------------------------------------------------------------
      3456        226          0          0        324       2372   Library Totals

    ----------------------------------------------------------------------

==============================================================================


      Code (inc. data)   RO Data    RW Data    ZI Data      Debug   

     16620        772        372         20       2140     145815   Grand Totals
     16620        772        372         20       2140     145815   ELF Image Totals
     16620        772        372         20          0          0   ROM Totals

==============================================================================

    Total RO  Size (Code + RO Data)                16992 (  16.59kB)
    Total RW  Size (RW Data + ZI Data)              2160 (   2.11kB)
    Total ROM Size (Code + RO Data + RW Data)      17012 (  16.61kB)

==============================================================================

